Component: ARM Compiler 5.06 update 1 (build 61) Tool: armlink [4d35a8]

==============================================================================

Section Cross References

    main.o(i.Hardware_Init) refers to misc.o(i.NVIC_PriorityGroupConfig) for NVIC_PriorityGroupConfig
    main.o(i.Hardware_Init) refers to delay.o(i.delay_init) for delay_init
    main.o(i.Hardware_Init) refers to motor.o(i.TIM1_dead_pwm_init) for TIM1_dead_pwm_init
    main.o(i.Hardware_Init) refers to motor.o(i.motor_init) for motor_init
    main.o(i.Hardware_Init) refers to motor.o(i.TIM2_encode_init) for TIM2_encode_init
    main.o(i.Hardware_Init) refers to beep.o(i.Beep_Init) for Beep_Init
    main.o(i.Hardware_Init) refers to key.o(i.Key_Init) for Key_Init
    main.o(i.Hardware_Init) refers to mq2.o(i.MQ2_Init) for MQ2_Init
    main.o(i.Hardware_Init) refers to pid.o(i.PID_Init) for PID_Init
    main.o(i.Hardware_Init) refers to wind_speed.o(i.WindSpeed_Init) for WindSpeed_Init
    main.o(i.Hardware_Init) refers to lcd.o(i.LCD_Init) for LCD_Init
    main.o(i.Hardware_Init) refers to usart.o(i.uart_init) for uart_init
    main.o(i.Hardware_Init) refers to gui.o(i.Show_Str) for Show_Str
    main.o(i.Hardware_Init) refers to delay.o(i.delay_ms) for delay_ms
    main.o(i.Hardware_Init) refers to main.o(.data) for bep
    main.o(i.Hardware_Init) refers to main.o(.bss) for g_speedPID
    main.o(i.main) refers to main.o(i.Hardware_Init) for Hardware_Init
    main.o(i.main) refers to app_tasks.o(i.System_Init) for System_Init
    main.o(i.main) refers to app_tasks.o(i.StartTask_Create) for StartTask_Create
    main.o(i.main) refers to tasks.o(i.vTaskStartScheduler) for vTaskStartScheduler
    system_stm32f10x.o(i.SetSysClock) refers to system_stm32f10x.o(i.SetSysClockTo72) for SetSysClockTo72
    system_stm32f10x.o(i.SystemCoreClockUpdate) refers to system_stm32f10x.o(.data) for SystemCoreClock
    system_stm32f10x.o(i.SystemInit) refers to system_stm32f10x.o(i.SetSysClock) for SetSysClock
    dht11.o(i.DHT11_Read) refers to dht11.o(i.chushi) for chushi
    dht11.o(i.DHT11_Read) refers to stm32f10x_gpio.o(i.GPIO_Init) for GPIO_Init
    dht11.o(i.DHT11_Start) refers to dht11.o(i.chushi) for chushi
    dht11.o(i.DHT11_Start) refers to stm32f10x_gpio.o(i.GPIO_Init) for GPIO_Init
    dht11.o(i.DHT11_Start) refers to stm32f10x_gpio.o(i.GPIO_ResetBits) for GPIO_ResetBits
    dht11.o(i.DHT11_Start) refers to delay.o(i.delay_ms) for delay_ms
    dht11.o(i.DHT11_Start) refers to stm32f10x_gpio.o(i.GPIO_SetBits) for GPIO_SetBits
    dht11.o(i.DHT11_Start) refers to delay.o(i.delay_us) for delay_us
    dht11.o(i.DHT_Read_Byte) refers to delay.o(i.delay_us) for delay_us
    dht11.o(i.DHT_Read_Byte) refers to dht11.o(i.readpin) for readpin
    dht11.o(i.DHT_Read_Data) refers to dht11.o(i.DHT11_Start) for DHT11_Start
    dht11.o(i.DHT_Read_Data) refers to dht11.o(i.DHT11_Read) for DHT11_Read
    dht11.o(i.DHT_Read_Data) refers to delay.o(i.delay_us) for delay_us
    dht11.o(i.DHT_Read_Data) refers to dht11.o(i.readpin) for readpin
    dht11.o(i.DHT_Read_Data) refers to dht11.o(i.DHT_Read_Byte) for DHT_Read_Byte
    dht11.o(i.DHT_Read_Data) refers to dht11.o(.data) for BUF
    dht11.o(i.chushi) refers to stm32f10x_rcc.o(i.RCC_APB2PeriphClockCmd) for RCC_APB2PeriphClockCmd
    dht11.o(i.readpin) refers to stm32f10x_gpio.o(i.GPIO_ReadInputDataBit) for GPIO_ReadInputDataBit
    beep.o(i.Beep_Init) refers to stm32f10x_rcc.o(i.RCC_APB2PeriphClockCmd) for RCC_APB2PeriphClockCmd
    beep.o(i.Beep_Init) refers to beep.o(i.Beep_config) for Beep_config
    beep.o(i.Beep_config) refers to stm32f10x_gpio.o(i.GPIO_Init) for GPIO_Init
    beep.o(i.Beep_config) refers to beep.o(i.Beep_off) for Beep_off
    beep.o(i.Beep_off) refers to stm32f10x_gpio.o(i.GPIO_ResetBits) for GPIO_ResetBits
    beep.o(i.Beep_on) refers to stm32f10x_gpio.o(i.GPIO_SetBits) for GPIO_SetBits
    beep.o(i.Buzzer_Beep) refers to beep.o(i.Beep_on) for Beep_on
    beep.o(i.Buzzer_Beep) refers to delay.o(i.delay_ms) for delay_ms
    beep.o(i.Buzzer_Beep) refers to beep.o(i.Beep_off) for Beep_off
    dma.o(i.MYDMA_Config) refers to stm32f10x_rcc.o(i.RCC_AHBPeriphClockCmd) for RCC_AHBPeriphClockCmd
    dma.o(i.MYDMA_Config) refers to stm32f10x_dma.o(i.DMA_DeInit) for DMA_DeInit
    dma.o(i.MYDMA_Config) refers to stm32f10x_dma.o(i.DMA_Init) for DMA_Init
    dma.o(i.MYDMA_Config) refers to misc.o(i.NVIC_Init) for NVIC_Init
    dma.o(i.MYDMA_Config) refers to stm32f10x_dma.o(i.DMA_ITConfig) for DMA_ITConfig
    dma.o(i.MYDMA_Config) refers to stm32f10x_dma.o(i.DMA_Cmd) for DMA_Cmd
    dma.o(i.MYDMA_Config) refers to dma.o(.data) for DMA1_MEM_LEN
    dma.o(i.MYDMA_Config) refers to dma.o(.bss) for DMA_InitStructure
    dma.o(i.MYDMA_Enable) refers to stm32f10x_dma.o(i.DMA_Cmd) for DMA_Cmd
    dma.o(i.MYDMA_Enable) refers to stm32f10x_dma.o(i.DMA_SetCurrDataCounter) for DMA_SetCurrDataCounter
    dma.o(i.MYDMA_Enable) refers to dma.o(.data) for DMA1_MEM_LEN
[...]
    EXTI0_IRQHandler                         0x0800029f   Thumb Code     0  startup_stm32f10x_md.o(.text)
    EXTI15_10_IRQHandler                     0x0800029f   Thumb Code     0  startup_stm32f10x_md.o(.text)
    EXTI1_IRQHandler                         0x0800029f   Thumb Code     0  startup_stm32f10x_md.o(.text)
    EXTI2_IRQHandler                         0x0800029f   Thumb Code     0  startup_stm32f10x_md.o(.text)
    EXTI3_IRQHandler                         0x0800029f   Thumb Code     0  startup_stm32f10x_md.o(.text)
    EXTI4_IRQHandler                         0x0800029f   Thumb Code     0  startup_stm32f10x_md.o(.text)
    EXTI9_5_IRQHandler                       0x0800029f   Thumb Code     0  startup_stm32f10x_md.o(.text)
    FLASH_IRQHandler                         0x0800029f   Thumb Code     0  startup_stm32f10x_md.o(.text)
    I2C1_ER_IRQHandler                       0x0800029f   Thumb Code     0  startup_stm32f10x_md.o(.text)
    I2C1_EV_IRQHandler                       0x0800029f   Thumb Code     0  startup_stm32f10x_md.o(.text)
    I2C2_ER_IRQHandler                       0x0800029f   Thumb Code     0  startup_stm32f10x_md.o(.text)
    I2C2_EV_IRQHandler                       0x0800029f   Thumb Code     0  startup_stm32f10x_md.o(.text)
    PVD_IRQHandler                           0x0800029f   Thumb Code     0  startup_stm32f10x_md.o(.text)
    RCC_IRQHandler                           0x0800029f   Thumb Code     0  startup_stm32f10x_md.o(.text)
    RTCAlarm_IRQHandler                      0x0800029f   Thumb Code     0  startup_stm32f10x_md.o(.text)
    RTC_IRQHandler                           0x0800029f   Thumb Code     0  startup_stm32f10x_md.o(.text)
    SPI1_IRQHandler                          0x0800029f   Thumb Code     0  startup_stm32f10x_md.o(.text)
    SPI2_IRQHandler                          0x0800029f   Thumb Code     0  startup_stm32f10x_md.o(.text)
    TAMPER_IRQHandler                        0x0800029f   Thumb Code     0  startup_stm32f10x_md.o(.text)
    TIM1_BRK_IRQHandler                      0x0800029f   Thumb Code     0  startup_stm32f10x_md.o(.text)
    TIM1_CC_IRQHandler                       0x0800029f   Thumb Code     0  startup_stm32f10x_md.o(.text)
    TIM1_TRG_COM_IRQHandler                  0x0800029f   Thumb Code     0  startup_stm32f10x_md.o(.text)
    TIM1_UP_IRQHandler                       0x0800029f   Thumb Code     0  startup_stm32f10x_md.o(.text)
    TIM3_IRQHandler                          0x0800029f   Thumb Code     0  startup_stm32f10x_md.o(.text)
    USART2_IRQHandler                        0x0800029f   Thumb Code     0  startup_stm32f10x_md.o(.text)
    USART3_IRQHandler                        0x0800029f   Thumb Code     0  startup_stm32f10x_md.o(.text)
    USBWakeUp_IRQHandler                     0x0800029f   Thumb Code     0  startup_stm32f10x_md.o(.text)
    USB_HP_CAN1_TX_IRQHandler                0x0800029f   Thumb Code     0  startup_stm32f10x_md.o(.text)
    USB_LP_CAN1_RX0_IRQHandler               0x0800029f   Thumb Code     0  startup_stm32f10x_md.o(.text)
    WWDG_IRQHandler                          0x0800029f   Thumb Code     0  startup_stm32f10x_md.o(.text)
    __user_initial_stackheap                 0x080002a1   Thumb Code     0  startup_stm32f10x_md.o(.text)
    __use_no_semihosting                     0x080002c5   Thumb Code     2  use_no_semi_2.o(.text)
    __2printf                                0x080002c9   Thumb Code    20  noretval__2printf.o(.text)
    __2sprintf                               0x080002e1   Thumb Code    34  noretval__2sprintf.o(.text)
    _printf_str                              0x08000309   Thumb Code    82  _printf_str.o(.text)
    _printf_int_dec                          0x0800035d   Thumb Code   104  _printf_dec.o(.text)
    __printf                                 0x080003d5   Thumb Code   270  __printf_wp.o(.text)
    __aeabi_memcpy                           0x080004e3   Thumb Code     0  rt_memcpy_v6.o(.text)
    __rt_memcpy                              0x080004e3   Thumb Code   138  rt_memcpy_v6.o(.text)
    _memcpy_lastbytes                        0x08000549   Thumb Code     0  rt_memcpy_v6.o(.text)
    __aeabi_memset                           0x0800056d   Thumb Code    16  aeabi_memset.o(.text)
    __use_two_region_memory                  0x0800057d   Thumb Code     2  heapauxi.o(.text)
    __rt_heap_escrow$2region                 0x0800057f   Thumb Code     2  heapauxi.o(.text)
    __rt_heap_expand$2region                 0x08000581   Thumb Code     2  heapauxi.o(.text)
    __I$use$semihosting                      0x08000583   Thumb Code     0  use_no_semi.o(.text)
    __use_no_semihosting_swi                 0x08000583   Thumb Code     2  use_no_semi.o(.text)
    __read_errno                             0x08000585   Thumb Code    10  _rserrno.o(.text)
    __set_errno                              0x0800058f   Thumb Code    12  _rserrno.o(.text)
    _printf_int_common                       0x0800059b   Thumb Code   178  _printf_intcommon.o(.text)
    __lib_sel_fp_printf                      0x0800064d   Thumb Code     2  _printf_fp_dec.o(.text)
    _printf_fp_dec_real                      0x080007fb   Thumb Code   620  _printf_fp_dec.o(.text)
    _printf_char_common                      0x08000a73   Thumb Code    32  _printf_char_common.o(.text)
    _sputc                                   0x08000a99   Thumb Code    10  _sputc.o(.text)
    _printf_cs_common                        0x08000aa3   Thumb Code    20  _printf_char.o(.text)
    _printf_char                             0x08000ab7   Thumb Code    16  _printf_char.o(.text)
    _printf_string                           0x08000ac7   Thumb Code     8  _printf_char.o(.text)
    _printf_char_file                        0x08000ad1   Thumb Code    32  _printf_char_file.o(.text)
    __aeabi_memcpy4                          0x08000af5   Thumb Code     0  rt_memcpy_w.o(.text)
    __aeabi_memcpy8                          0x08000af5   Thumb Code     0  rt_memcpy_w.o(.text)
    __rt_memcpy_w                            0x08000af5   Thumb Code   100  rt_memcpy_w.o(.text)
    _memcpy_lastbytes_aligned                0x08000b3d   Thumb Code     0  rt_memcpy_w.o(.text)
    __aeabi_memclr                           0x08000b59   Thumb Code     0  rt_memclr.o(.text)
    __rt_memclr                              0x08000b59   Thumb Code    68  rt_memclr.o(.text)
    _memset                                  0x08000b5d   Thumb Code     0  rt_memclr.o(.text)
    __rt_locale                              0x08000b9d   Thumb Code     8  rt_locale_intlibspace.o(.text)
    __aeabi_errno_addr                       0x08000ba5   Thumb Code     8  rt_errno_addr_intlibspace.o(.text)
    __errno$intlibspace                      0x08000ba5   Thumb Code     0  rt_errno_addr_intlibspace.o(.text)
    __rt_errno_addr$intlibspace              0x08000ba5   Thumb Code     0  rt_errno_addr_intlibspace.o(.text)
    _ll_udiv10                               0x08000bad   Thumb Code   138  lludiv10.o(.text)
    _printf_fp_infnan                        0x08000c39   Thumb Code   112  _printf_fp_infnan.o(.text)
    _btod_etento                             0x08000cb9   Thumb Code   216  bigflt0.o(.text)
    ferror                                   0x08000d95   Thumb Code     8  ferror.o(.text)
    __aeabi_memclr4                          0x08000d9d   Thumb Code     0  rt_memclr_w.o(.text)
    __aeabi_memclr8                          0x08000d9d   Thumb Code     0  rt_memclr_w.o(.text)
    __rt_memclr_w                            0x08000d9d   Thumb Code    78  rt_memclr_w.o(.text)
    _memset_w                                0x08000da1   Thumb Code     0  rt_memclr_w.o(.text)
    __user_libspace                          0x08000ded   Thumb Code     8  libspace.o(.text)
    __user_perproc_libspace                  0x08000ded   Thumb Code     0  libspace.o(.text)
    __user_perthread_libspace                0x08000ded   Thumb Code     0  libspace.o(.text)
    __user_setup_stackheap                   0x08000df5   Thumb Code    74  sys_stackheap_outer.o(.text)
    exit                                     0x08000e3f   Thumb Code    18  exit.o(.text)
    strcmp                                   0x08000e51   Thumb Code   128  strcmpv7m.o(.text)
    _btod_d2e                                0x08000ed1   Thumb Code    62  btod.o(CL$$btod_d2e)
    _d2e_denorm_low                          0x08000f0f   Thumb Code    70  btod.o(CL$$btod_d2e_denorm_low)
    _d2e_norm_op1                            0x08000f55   Thumb Code    96  btod.o(CL$$btod_d2e_norm_op1)
    __btod_div_common                        0x08000fb5   Thumb Code   696  btod.o(CL$$btod_div_common)
    _e2e                                     0x080012ed   Thumb Code   198  btod.o(CL$$btod_e2e)
    _btod_ediv                               0x080013b3   Thumb Code    40  btod.o(CL$$btod_ediv)
    _btod_emul                               0x080013db   Thumb Code    40  btod.o(CL$$btod_emul)
    __btod_mult_common                       0x08001403   Thumb Code   580  btod.o(CL$$btod_mult_common)
    ADC_Cmd                                  0x08001647   Thumb Code    22  stm32f10x_adc.o(i.ADC_Cmd)
    ADC_DeInit                               0x0800165d   Thumb Code    78  stm32f10x_adc.o(i.ADC_DeInit)
    ADC_GetCalibrationStatus                 0x080016b9   Thumb Code    20  stm32f10x_adc.o(i.ADC_GetCalibrationStatus)
    ADC_GetConversionValue                   0x080016cd   Thumb Code     8  stm32f10x_adc.o(i.ADC_GetConversionValue)
    ADC_GetFlagStatus                        0x080016d5   Thumb Code    18  stm32f10x_adc.o(i.ADC_GetFlagStatus)
    ADC_GetResetCalibrationStatus            0x080016e7   Thumb Code    20  stm32f10x_adc.o(i.ADC_GetResetCalibrationStatus)
    ADC_Init                                 0x080016fd   Thumb Code    70  stm32f10x_adc.o(i.ADC_Init)
    ADC_RegularChannelConfig                 0x0800174d   Thumb Code   184  stm32f10x_adc.o(i.ADC_RegularChannelConfig)
    ADC_ResetCalibration                     0x08001805   Thumb Code    10  stm32f10x_adc.o(i.ADC_ResetCalibration)
    ADC_SoftwareStartConvCmd                 0x0800180f   Thumb Code    22  stm32f10x_adc.o(i.ADC_SoftwareStartConvCmd)
    ADC_StartCalibration                     0x08001825   Thumb Code    10  stm32f10x_adc.o(i.ADC_StartCalibration)
    AntiBackflowTask                         0x08001831   Thumb Code   116  app_tasks.o(i.AntiBackflowTask)
    Beep_Init                                0x080018b1   Thumb Code   130  beep.o(i.Beep_Init)
    Beep_config                              0x08001951   Thumb Code    38  beep.o(i.Beep_config)
    Beep_off                                 0x08001977   Thumb Code    14  beep.o(i.Beep_off)
    Beep_on                                  0x08001985   Thumb Code    14  beep.o(i.Beep_on)
    BusFault_Handler                         0x08001993   Thumb Code     4  stm32f10x_it.o(i.BusFault_Handler)
    Buzzer_Beep                              0x08001997   Thumb Code    26  beep.o(i.Buzzer_Beep)
    DHT11_Read                               0x080019d9   Thumb Code    38  dht11.o(i.DHT11_Read)
    DHT11_Start                              0x080019ff   Thumb Code    74  dht11.o(i.DHT11_Start)
    DHT_Read_Byte                            0x08001a49   Thumb Code   110  dht11.o(i.DHT_Read_Byte)
    DHT_Read_Data                            0x08001ab9   Thumb Code   194  dht11.o(i.DHT_Read_Data)
    DebugMon_Handler                         0x08001b85   Thumb Code     2  stm32f10x_it.o(i.DebugMon_Handler)
    GPIO_Init                                0x08001b87   Thumb Code   278  stm32f10x_gpio.o(i.GPIO_Init)
    GPIO_ReadInputDataBit                    0x08001c9d   Thumb Code    18  stm32f10x_gpio.o(i.GPIO_ReadInputDataBit)
    GPIO_ResetBits                           0x08001caf   Thumb Code     4  stm32f10x_gpio.o(i.GPIO_ResetBits)
    GPIO_SetBits                             0x08001cb3   Thumb Code     4  stm32f10x_gpio.o(i.GPIO_SetBits)
    GUI_DrawFont16                           0x08001cb9   Thumb Code   252  gui.o(i.GUI_DrawFont16)
    GUI_DrawFont24                           0x08001dc1   Thumb Code   268  gui.o(i.GUI_DrawFont24)
    GUI_DrawFont32                           0x08001ed9   Thumb Code   252  gui.o(i.GUI_DrawFont32)
    HardFault_Handler                        0x08001fe1   Thumb Code     4  stm32f10x_it.o(i.HardFault_Handler)
    Key1_ClearEvent                          0x08002091   Thumb Code     8  key.o(i.Key1_ClearEvent)
    Key1_GetEvent                            0x0800209d   Thumb Code     6  key.o(i.Key1_GetEvent)
    Key2_ClearEvent                          0x080020c1   Thumb Code     8  key.o(i.Key2_ClearEvent)
    Key2_GetEvent                            0x080020cd   Thumb Code     6  key.o(i.Key2_GetEvent)
    KeyScanTask                              0x080020f5   Thumb Code   132  app_tasks.o(i.KeyScanTask)
    Key_Init                                 0x0800217d   Thumb Code    60  key.o(i.Key_Init)
    Key_Scan                                 0x080021cd   Thumb Code    16  key.o(i.Key_Scan)
    LCD_Clear                                0x08002275   Thumb Code    88  lcd.o(i.LCD_Clear)
    LCD_DrawPoint                            0x080022d5   Thumb Code    24  lcd.o(i.LCD_DrawPoint)
    LCD_GPIOInit                             0x080022f1   Thumb Code    40  lcd.o(i.LCD_GPIOInit)
    LCD_Init                                 0x0800231d   Thumb Code   570  lcd.o(i.LCD_Init)
    LCD_RESET                                0x0800255d   Thumb Code    34  lcd.o(i.LCD_RESET)
    LCD_SetCursor                            0x08002585   Thumb Code    20  lcd.o(i.LCD_SetCursor)
    LCD_SetWindows                           0x08002599   Thumb Code    84  lcd.o(i.LCD_SetWindows)
    LCD_ShowChar                             0x080025f1   Thumb Code   276  gui.o(i.LCD_ShowChar)
    LCD_WR_DATA                              0x08002715   Thumb Code    38  lcd.o(i.LCD_WR_DATA)
    LCD_WR_REG                               0x08002745   Thumb Code    36  lcd.o(i.LCD_WR_REG)
    LCD_WriteRAM_Prepare                     0x08002771   Thumb Code    12  lcd.o(i.LCD_WriteRAM_Prepare)
    LCD_WriteReg                             0x08002781   Thumb Code    20  lcd.o(i.LCD_WriteReg)
    LCD_direction                            0x08002795   Thumb Code   120  lcd.o(i.LCD_direction)
    Lcd_WriteData_16Bit                      0x08002811   Thumb Code    46  lcd.o(i.Lcd_WriteData_16Bit)
    MQ2_GetAdcValue                          0x08002849   Thumb Code    48  mq2.o(i.MQ2_GetAdcValue)
    MQ2_GetGasConcentration                  0x0800287d   Thumb Code   180  mq2.o(i.MQ2_GetGasConcentration)
    MQ2_Init                                 0x0800294d   Thumb Code   132  mq2.o(i.MQ2_Init)
    MemManage_Handler                        0x080029d9   Thumb Code     4  stm32f10x_it.o(i.MemManage_Handler)
    MotorControlTask                         0x080029dd   Thumb Code   486  app_tasks.o(i.MotorControlTask)
    NMI_Handler                              0x08002bdd   Thumb Code     2  stm32f10x_it.o(i.NMI_Handler)
    NVIC_Init                                0x08002be1   Thumb Code   100  misc.o(i.NVIC_Init)
    NVIC_PriorityGroupConfig                 0x08002c51   Thumb Code    10  misc.o(i.NVIC_PriorityGroupConfig)
    PID_Calculate                            0x08002c65   Thumb Code   166  pid.o(i.PID_Calculate)
    PID_Init                                 0x08002d0b   Thumb Code    60  pid.o(i.PID_Init)
    PID_SetTarget                            0x08002d47   Thumb Code     4  pid.o(i.PID_SetTarget)
    RCC_ADCCLKConfig                         0x08002d4d   Thumb Code    18  stm32f10x_rcc.o(i.RCC_ADCCLKConfig)
    RCC_APB1PeriphClockCmd                   0x08002d65   Thumb Code    26  stm32f10x_rcc.o(i.RCC_APB1PeriphClockCmd)
    RCC_APB2PeriphClockCmd                   0x08002d85   Thumb Code    26  stm32f10x_rcc.o(i.RCC_APB2PeriphClockCmd)
    RCC_APB2PeriphResetCmd                   0x08002da5   Thumb Code    26  stm32f10x_rcc.o(i.RCC_APB2PeriphResetCmd)
    RCC_GetClocksFreq                        0x08002dc5   Thumb Code   192  stm32f10x_rcc.o(i.RCC_GetClocksFreq)
    SPI1_Init                                0x08002e99   Thumb Code   144  spi.o(i.SPI1_Init)
    SPI_Cmd                                  0x08002f31   Thumb Code    24  stm32f10x_spi.o(i.SPI_Cmd)
    SPI_Init                                 0x08002f49   Thumb Code    60  stm32f10x_spi.o(i.SPI_Init)
    SPI_WriteByte                            0x08002f85   Thumb Code    34  spi.o(i.SPI_WriteByte)
    SensorTask                               0x08002fa9   Thumb Code   126  app_tasks.o(i.SensorTask)
    Show_Str                                 0x08003121   Thumb Code   264  gui.o(i.Show_Str)
    SpeedCalcTask                            0x0800322d   Thumb Code    40  app_tasks.o(i.SpeedCalcTask)
    StartTask                                0x0800325d   Thumb Code   174  app_tasks.o(i.StartTask)
    StartTask_Create                         0x08003385   Thumb Code    24  app_tasks.o(i.StartTask_Create)
    SysTick_CLKSourceConfig                  0x080033b1   Thumb Code    40  misc.o(i.SysTick_CLKSourceConfig)
    SysTick_Handler                          0x080033d9   Thumb Code    16  delay.o(i.SysTick_Handler)
    SystemInit                               0x080033e9   Thumb Code    78  system_stm32f10x.o(i.SystemInit)
    System_Init                              0x08003449   Thumb Code    64  app_tasks.o(i.System_Init)
    System_SwitchMode                        0x08003499   Thumb Code   114  app_tasks.o(i.System_SwitchMode)
    System_SwitchSpeedLevel                  0x08003519   Thumb Code    66  app_tasks.o(i.System_SwitchSpeedLevel)
    System_ToggleMotor                       0x08003565   Thumb Code   114  app_tasks.o(i.System_ToggleMotor)
    TIM1_dead_pwm_init                       0x08003841   Thumb Code   200  motor.o(i.TIM1_dead_pwm_init)
    TIM2_IRQHandler                          0x08003915   Thumb Code    54  app_tasks.o(i.TIM2_IRQHandler)
    TIM2_encode_init                         0x08003951   Thumb Code   206  motor.o(i.TIM2_encode_init)
    TIM4_IRQHandler                          0x08003a25   Thumb Code    56  app_tasks.o(i.TIM4_IRQHandler)
    TIM4_init                                0x08003a69   Thumb Code    90  motor.o(i.TIM4_init)
    TIM_BDTRConfig                           0x08003ac9   Thumb Code    32  stm32f10x_tim.o(i.TIM_BDTRConfig)
    TIM_BDTRStructInit                       0x08003ae9   Thumb Code    18  stm32f10x_tim.o(i.TIM_BDTRStructInit)
    TIM_CCxCmd                               0x08003afb   Thumb Code    30  stm32f10x_tim.o(i.TIM_CCxCmd)
    TIM_CCxNCmd                              0x08003b19   Thumb Code    30  stm32f10x_tim.o(i.TIM_CCxNCmd)
    TIM_ClearITPendingBit                    0x08003b37   Thumb Code     6  stm32f10x_tim.o(i.TIM_ClearITPendingBit)
    TIM_Cmd                                  0x08003b3d   Thumb Code    24  stm32f10x_tim.o(i.TIM_Cmd)
    TIM_CtrlPWMOutputs                       0x08003b55   Thumb Code    30  stm32f10x_tim.o(i.TIM_CtrlPWMOutputs)
    TIM_EncoderInterfaceConfig               0x08003b73   Thumb Code    66  stm32f10x_tim.o(i.TIM_EncoderInterfaceConfig)
    TIM_GetCounter                           0x08003bb5   Thumb Code     6  stm32f10x_tim.o(i.TIM_GetCounter)
    TIM_GetDirection                         0x08003bbb   Thumb Code    10  motor.o(i.TIM_GetDirection)
    TIM_GetITStatus                          0x08003bc5   Thumb Code    34  stm32f10x_tim.o(i.TIM_GetITStatus)
    TIM_ICInit                               0x08003be9   Thumb Code   150  stm32f10x_tim.o(i.TIM_ICInit)
    TIM_ITConfig                             0x08003c95   Thumb Code    18  stm32f10x_tim.o(i.TIM_ITConfig)
    TIM_OC1Init                              0x08003ca9   Thumb Code   132  stm32f10x_tim.o(i.TIM_OC1Init)
    TIM_OC1PreloadConfig                     0x08003d41   Thumb Code    18  stm32f10x_tim.o(i.TIM_OC1PreloadConfig)
    TIM_SetCompare1                          0x08003d53   Thumb Code     4  stm32f10x_tim.o(i.TIM_SetCompare1)
    TIM_SetIC1Prescaler                      0x08003d57   Thumb Code    18  stm32f10x_tim.o(i.TIM_SetIC1Prescaler)
    TIM_SetIC2Prescaler                      0x08003d69   Thumb Code    26  stm32f10x_tim.o(i.TIM_SetIC2Prescaler)
    TIM_SetIC3Prescaler                      0x08003d83   Thumb Code    18  stm32f10x_tim.o(i.TIM_SetIC3Prescaler)
    TIM_SetIC4Prescaler                      0x08003d95   Thumb Code    26  stm32f10x_tim.o(i.TIM_SetIC4Prescaler)
    TIM_TimeBaseInit                         0x08003db1   Thumb Code   122  stm32f10x_tim.o(i.TIM_TimeBaseInit)
    UIDisplayTask                            0x08003e55   Thumb Code   330  app_tasks.o(i.UIDisplayTask)
    USART1_IRQHandler                        0x08004009   Thumb Code   122  usart.o(i.USART1_IRQHandler)
    USART_Cmd                                0x08004091   Thumb Code    24  stm32f10x_usart.o(i.USART_Cmd)
    USART_DMACmd                             0x080040a9   Thumb Code    18  stm32f10x_usart.o(i.USART_DMACmd)
    USART_GetITStatus                        0x080040bb   Thumb Code    84  stm32f10x_usart.o(i.USART_GetITStatus)
    USART_Init                               0x08004111   Thumb Code   210  stm32f10x_usart.o(i.USART_Init)
    USART_ReceiveData                        0x080041e9   Thumb Code    10  stm32f10x_usart.o(i.USART_ReceiveData)
    UsageFault_Handler                       0x080041f3   Thumb Code     4  stm32f10x_it.o(i.UsageFault_Handler)
    WindSpeedTask                            0x080041f9   Thumb Code   108  app_tasks.o(i.WindSpeedTask)
    WindSpeed_GetPWM                         0x0800426d   Thumb Code     6  wind_speed.o(i.WindSpeed_GetPWM)
    WindSpeed_GetPWMCompare                  0x08004279   Thumb Code    44  wind_speed.o(i.WindSpeed_GetPWMCompare)
    WindSpeed_GetTargetRPM                   0x080042ad   Thumb Code    22  wind_speed.o(i.WindSpeed_GetTargetRPM)
    WindSpeed_Init                           0x080042c5   Thumb Code    18  wind_speed.o(i.WindSpeed_Init)
    WindSpeed_IsCookingEvent                 0x080042dd   Thumb Code     6  wind_speed.o(i.WindSpeed_IsCookingEvent)
    WindSpeed_Update                         0x080042e9   Thumb Code   244  wind_speed.o(i.WindSpeed_Update)
    __ARM_fpclassify                         0x080043f9   Thumb Code    40  fpclassify.o(i.__ARM_fpclassify)
    __kernel_poly                            0x08004421   Thumb Code   170  poly.o(i.__kernel_poly)
    __mathlib_dbl_divzero                    0x080044cd   Thumb Code    12  dunder.o(i.__mathlib_dbl_divzero)
    __mathlib_dbl_infnan2                    0x080044dd   Thumb Code     4  dunder.o(i.__mathlib_dbl_infnan2)
    __mathlib_dbl_invalid                    0x080044e1   Thumb Code    12  dunder.o(i.__mathlib_dbl_invalid)
    __mathlib_dbl_overflow                   0x080044ed   Thumb Code    14  dunder.o(i.__mathlib_dbl_overflow)
    __mathlib_dbl_underflow                  0x080044fd   Thumb Code    10  dunder.o(i.__mathlib_dbl_underflow)
    _is_digit                                0x0800450d   Thumb Code    14  __printf_wp.o(i._is_digit)
    _sys_exit                                0x0800451b   Thumb Code     4  usart.o(i._sys_exit)
    chushi                                   0x08004521   Thumb Code   130  dht11.o(i.chushi)
    delay_init                               0x080045c1   Thumb Code    74  delay.o(i.delay_init)
    delay_ms                                 0x0800461d   Thumb Code    60  delay.o(i.delay_ms)
    delay_us                                 0x0800465d   Thumb Code    68  delay.o(i.delay_us)
    fputc                                    0x080046a5   Thumb Code    24  usart.o(i.fputc)
    get_encoder_value                        0x080046c1   Thumb Code    22  motor.o(i.get_encoder_value)
    get_speed                                0x080046dd   Thumb Code   328  motor.o(i.get_speed)
    io_reset_bit                             0x08004855   Thumb Code    16  gpiox.o(i.io_reset_bit)
    io_set                                   0x08004865   Thumb Code   142  gpiox.o(i.io_set)
    io_set_bit                               0x08004911   Thumb Code    16  gpiox.o(i.io_set_bit)
    main                                     0x08004921   Thumb Code    20  main.o(i.main)
    motor_dir                                0x08004935   Thumb Code    54  motor.o(i.motor_dir)
    motor_init                               0x08004971   Thumb Code    18  motor.o(i.motor_init)
    motor_pwm_set                            0x08004983   Thumb Code    46  motor.o(i.motor_pwm_set)
    motor_speed                              0x080049b1   Thumb Code    20  motor.o(i.motor_speed)
    motor_start                              0x080049c9   Thumb Code    12  motor.o(i.motor_start)
    motor_stop                               0x080049d9   Thumb Code    32  motor.o(i.motor_stop)
    pow                                      0x08004a01   Thumb Code  2512  pow.o(i.pow)
    pvPortMalloc                             0x08005ee9   Thumb Code   262  heap_4.o(i.pvPortMalloc)
    pvTaskIncrementMutexHeldCount            0x0800603d   Thumb Code    26  tasks.o(i.pvTaskIncrementMutexHeldCount)
    pxPortInitialiseStack                    0x0800605d   Thumb Code    30  port.o(i.pxPortInitialiseStack)
    readpin                                  0x08006081   Thumb Code    14  dht11.o(i.readpin)
    sqrt                                     0x0800608f   Thumb Code    76  sqrt.o(i.sqrt)
    uart_init                                0x080060dd   Thumb Code   150  usart.o(i.uart_init)
    uxListRemove                             0x0800617d   Thumb Code    40  list.o(i.uxListRemove)
    vListInitialise                          0x080061a5   Thumb Code    26  list.o(i.vListInitialise)
    vListInitialiseItem                      0x080061bf   Thumb Code     6  list.o(i.vListInitialiseItem)
    vListInsert                              0x080061c5   Thumb Code    52  list.o(i.vListInsert)
    vListInsertEnd                           0x080061f9   Thumb Code    24  list.o(i.vListInsertEnd)
    vPortEnterCritical                       0x08006211   Thumb Code    68  port.o(i.vPortEnterCritical)
    vPortExitCritical                        0x08006299   Thumb Code    48  port.o(i.vPortExitCritical)
    vPortFree                                0x08006309   Thumb Code   120  heap_4.o(i.vPortFree)
    vPortSetupTimerInterrupt                 0x080063c1   Thumb Code    26  port.o(i.vPortSetupTimerInterrupt)
    vPortValidateInterruptPriority           0x080063e1   Thumb Code    86  port.o(i.vPortValidateInterruptPriority)
    vQueueAddToRegistry                      0x08006481   Thumb Code    38  queue.o(i.vQueueAddToRegistry)
    vQueueWaitForMessageRestricted           0x080064ad   Thumb Code    74  queue.o(i.vQueueWaitForMessageRestricted)
    vTaskDelay                               0x080064f9   Thumb Code    72  tasks.o(i.vTaskDelay)
    vTaskDelete                              0x0800656d   Thumb Code   192  tasks.o(i.vTaskDelete)
    vTaskMissedYield                         0x08006679   Thumb Code     8  tasks.o(i.vTaskMissedYield)
    vTaskPlaceOnEventList                    0x08006685   Thumb Code    42  tasks.o(i.vTaskPlaceOnEventList)
    vTaskPlaceOnEventListRestricted          0x080066d9   Thumb Code    50  tasks.o(i.vTaskPlaceOnEventListRestricted)
    vTaskPriorityInherit                     0x08006735   Thumb Code   164  tasks.o(i.vTaskPriorityInherit)
    vTaskSetTimeOutState                     0x080067e5   Thumb Code    32  tasks.o(i.vTaskSetTimeOutState)
    vTaskStartScheduler                      0x08006831   Thumb Code   108  tasks.o(i.vTaskStartScheduler)
    vTaskSuspendAll                          0x080068dd   Thumb Code    12  tasks.o(i.vTaskSuspendAll)
    vTaskSwitchContext                       0x080068ed   Thumb Code   110  tasks.o(i.vTaskSwitchContext)
    xPortStartScheduler                      0x08006995   Thumb Code   140  port.o(i.xPortStartScheduler)
    xPortSysTickHandler                      0x08006a35   Thumb Code    46  port.o(i.xPortSysTickHandler)
    xQueueCreateMutex                        0x08006a69   Thumb Code    34  queue.o(i.xQueueCreateMutex)
    xQueueGenericCreate                      0x08006a8d   Thumb Code    78  queue.o(i.xQueueGenericCreate)
    xQueueGenericReceive                     0x08006b01   Thumb Code   416  queue.o(i.xQueueGenericReceive)
    xQueueGenericReset                       0x08006cc9   Thumb Code   136  queue.o(i.xQueueGenericReset)
    xQueueGenericSend                        0x08006d79   Thumb Code   412  queue.o(i.xQueueGenericSend)
    xQueueGenericSendFromISR                 0x08006f3d   Thumb Code   234  queue.o(i.xQueueGenericSendFromISR)
    xQueueGiveFromISR                        0x0800704d   Thumb Code   216  queue.o(i.xQueueGiveFromISR)
    xTaskCheckForTimeOut                     0x08007149   Thumb Code   116  tasks.o(i.xTaskCheckForTimeOut)
    xTaskCreate                              0x080071e9   Thumb Code    96  tasks.o(i.xTaskCreate)
    xTaskGetSchedulerState                   0x08007249   Thumb Code    24  tasks.o(i.xTaskGetSchedulerState)
    xTaskGetTickCount                        0x08007269   Thumb Code     6  tasks.o(i.xTaskGetTickCount)
    xTaskIncrementTick                       0x08007275   Thumb Code   272  tasks.o(i.xTaskIncrementTick)
    xTaskPriorityDisinherit                  0x080073d5   Thumb Code   168  tasks.o(i.xTaskPriorityDisinherit)
    xTaskRemoveFromEventList                 0x080074ad   Thumb Code   118  tasks.o(i.xTaskRemoveFromEventList)
    xTaskResumeAll                           0x08007561   Thumb Code   214  tasks.o(i.xTaskResumeAll)
    xTimerCreateTimerTask                    0x08007681   Thumb Code    56  timers.o(i.xTimerCreateTimerTask)
    xTimerGenericCommand                     0x080076f5   Thumb Code   118  timers.o(i.xTimerGenericCommand)
    _get_lc_numeric                          0x08007799   Thumb Code    44  lc_numeric_c.o(locale$$code)
    __aeabi_d2f                              0x080077c5   Thumb Code     0  d2f.o(x$fpl$d2f)
    _d2f                                     0x080077c5   Thumb Code    98  d2f.o(x$fpl$d2f)
    __aeabi_dadd                             0x08007829   Thumb Code     0  daddsub_clz.o(x$fpl$dadd)
    _dadd                                    0x08007829   Thumb Code   332  daddsub_clz.o(x$fpl$dadd)
    __fpl_dcheck_NaN1                        0x08007979   Thumb Code    10  dcheck1.o(x$fpl$dcheck1)
    __fpl_dcmp_Inf                           0x08007989   Thumb Code    24  dcmpi.o(x$fpl$dcmpinf)
    __aeabi_ddiv                             0x080079a1   Thumb Code     0  ddiv.o(x$fpl$ddiv)
    _ddiv                                    0x080079a1   Thumb Code   552  ddiv.o(x$fpl$ddiv)
    __aeabi_i2d                              0x08007c51   Thumb Code     0  dflt_clz.o(x$fpl$dflt)
    _dflt                                    0x08007c51   Thumb Code    46  dflt_clz.o(x$fpl$dflt)
    __aeabi_cdcmple                          0x08007c81   Thumb Code     0  dleqf.o(x$fpl$dleqf)
    _dcmple                                  0x08007c81   Thumb Code   120  dleqf.o(x$fpl$dleqf)
    __fpl_dcmple_InfNaN                      0x08007ce3   Thumb Code     0  dleqf.o(x$fpl$dleqf)
    __aeabi_dmul                             0x08007cf9   Thumb Code     0  dmul.o(x$fpl$dmul)
    _dmul                                    0x08007cf9   Thumb Code   332  dmul.o(x$fpl$dmul)
    __fpl_dnaninf                            0x08007e4d   Thumb Code   156  dnaninf.o(x$fpl$dnaninf)
    __fpl_dretinf                            0x08007ee9   Thumb Code    12  dretinf.o(x$fpl$dretinf)
    __aeabi_cdrcmple                         0x08007ef5   Thumb Code     0  drleqf.o(x$fpl$drleqf)
    _drcmple                                 0x08007ef5   Thumb Code   108  drleqf.o(x$fpl$drleqf)
    __aeabi_drsub                            0x08007f61   Thumb Code     0  daddsub_clz.o(x$fpl$drsb)
    _drsb                                    0x08007f61   Thumb Code    22  daddsub_clz.o(x$fpl$drsb)
    _dsqrt                                   0x08007f79   Thumb Code   456  dsqrt_noumaal.o(x$fpl$dsqrt)
    __aeabi_dsub                             0x08008145   Thumb Code     0  daddsub_clz.o(x$fpl$dsub)
    _dsub                                    0x08008145   Thumb Code   464  daddsub_clz.o(x$fpl$dsub)
    __aeabi_f2d                              0x08008319   Thumb Code     0  f2d.o(x$fpl$f2d)
    _f2d                                     0x08008319   Thumb Code    86  f2d.o(x$fpl$f2d)
    __aeabi_fadd                             0x08008371   Thumb Code     0  faddsub_clz.o(x$fpl$fadd)
    _fadd                                    0x08008371   Thumb Code   196  faddsub_clz.o(x$fpl$fadd)
    __fpl_fcmp_Inf                           0x08008435   Thumb Code    24  fcmpi.o(x$fpl$fcmpinf)
    __aeabi_fdiv                             0x0800844d   Thumb Code     0  fdiv.o(x$fpl$fdiv)
    _fdiv                                    0x0800844d   Thumb Code   384  fdiv.o(x$fpl$fdiv)
    __aeabi_f2iz                             0x080085d1   Thumb Code     0  ffix.o(x$fpl$ffix)
    _ffix                                    0x080085d1   Thumb Code    54  ffix.o(x$fpl$ffix)
    __aeabi_f2uiz                            0x08008609   Thumb Code     0  ffixu.o(x$fpl$ffixu)
    _ffixu                                   0x08008609   Thumb Code    62  ffixu.o(x$fpl$ffixu)
    __aeabi_i2f                              0x08008649   Thumb Code     0  fflt_clz.o(x$fpl$fflt)
    _fflt                                    0x08008649   Thumb Code    48  fflt_clz.o(x$fpl$fflt)
    __aeabi_ui2f                             0x08008679   Thumb Code     0  fflt_clz.o(x$fpl$ffltu)
    _ffltu                                   0x08008679   Thumb Code    38  fflt_clz.o(x$fpl$ffltu)
    __aeabi_cfcmple                          0x080086a1   Thumb Code     0  fleqf.o(x$fpl$fleqf)
    _fcmple                                  0x080086a1   Thumb Code   104  fleqf.o(x$fpl$fleqf)
    __fpl_fcmple_InfNaN                      0x080086f3   Thumb Code     0  fleqf.o(x$fpl$fleqf)
    __aeabi_fmul                             0x08008709   Thumb Code     0  fmul.o(x$fpl$fmul)
    _fmul                                    0x08008709   Thumb Code   258  fmul.o(x$fpl$fmul)
    __fpl_fnaninf                            0x0800880b   Thumb Code   140  fnaninf.o(x$fpl$fnaninf)
    __fpl_fretinf                            0x08008897   Thumb Code    10  fretinf.o(x$fpl$fretinf)
    __aeabi_cfrcmple                         0x080088a1   Thumb Code     0  frleqf.o(x$fpl$frleqf)
    _frcmple                                 0x080088a1   Thumb Code    98  frleqf.o(x$fpl$frleqf)
    __aeabi_fsub                             0x08008905   Thumb Code     0  faddsub_clz.o(x$fpl$fsub)
    _fsub                                    0x08008905   Thumb Code   234  faddsub_clz.o(x$fpl$fsub)
    _printf_fp_dec                           0x080089ef   Thumb Code     4  printf1.o(x$fpl$printf1)
    __fpl_return_NaN                         0x080089f3   Thumb Code   100  retnan.o(x$fpl$retnan)
    __ARM_scalbn                             0x08008a57   Thumb Code    92  scalbn.o(x$fpl$scalbn)
    __fpl_cmpreturn                          0x08008ab3   Thumb Code    48  trapv.o(x$fpl$trapveneer)
    __I$use$fp                               0x08008ae2   Number         0  usenofp.o(x$fpl$usenofp)
    asc2_1206                                0x08008ae2   Data        1140  gui.o(.constdata)
    asc2_1608                                0x08008f56   Data        1520  gui.o(.constdata)
    tfont16                                  0x08009546   Data        2108  gui.o(.constdata)
    tfont24                                  0x08009d82   Data         518  gui.o(.constdata)
    tfont32                                  0x08009f88   Data         520  gui.o(.constdata)
    __mathlib_zero                           0x0800a218   Data           8  qnan.o(.constdata)
    Region$$Table$$Base                      0x0800a308   Number         0  anon$$obj.o(Region$$Table)
    Region$$Table$$Limit                     0x0800a328   Number         0  anon$$obj.o(Region$$Table)
    bep                                      0x20000000   Data           8  main.o(.data)
    dht                                      0x20000008   Data           8  main.o(.data)
    overflow                                 0x20000010   Data           4  main.o(.data)
    speed                                    0x20000014   Data           4  main.o(.data)
    SystemCoreClock                          0x20000018   Data           4  system_stm32f10x.o(.data)
    AHBPrescTable                            0x2000001c   Data          16  system_stm32f10x.o(.data)
    BUF                                      0x2000002c   Data           5  dht11.o(.data)
    sum                                      0x20000034   Data           4  dht11.o(.data)
    POINT_COLOR                              0x20000038   Data           2  lcd.o(.data)
    BACK_COLOR                               0x2000003a   Data           2  lcd.o(.data)
    DeviceCode                               0x2000003c   Data           2  lcd.o(.data)
    __stdout                                 0x20000050   Data           4  usart.o(.data)
    USART_RX_STA                             0x20000054   Data           2  usart.o(.data)
    pxCurrentTCB                             0x20000070   Data           4  tasks.o(.data)
    g_dataMutex                              0x200000e4   Data           4  app_tasks.o(.data)
    g_speedCalcSemaphore                     0x200000e8   Data           4  app_tasks.o(.data)
    g_iapSemaphore                           0x200000ec   Data           4  app_tasks.o(.data)
    g_speedPID                               0x20000138   Data          48  main.o(.bss)
    lcddev                                   0x20000168   Data          14  lcd.o(.bss)
    USART_RX_BUF                             0x200001d8   Data         200  usart.o(.bss)
    xQueueRegistry                           0x200002a0   Data          64  queue.o(.bss)
    g_systemState                            0x20002dec   Data          36  app_tasks.o(.bss)
    __libspace_start                         0x20002e10   Data          96  libspace.o(.bss)
    __temporary_stack_top$libspace           0x20002e70   Data           0  libspace.o(.bss)



==============================================================================

Memory Map of the image

  Image Entry point : 0x080000ed

  Load Region LR_IROM1 (Base: 0x08000000, Size: 0x0000a47c, Max: 0x00010000, ABSOLUTE, COMPRESSED[0x0000a384])

    Execution Region ER_IROM1 (Exec base: 0x08000000, Load base: 0x08000000, Size: 0x0000a344, Max: 0x00010000, ABSOLUTE)

    Exec Addr    Load Addr    Size         Type   Attr      Idx    E Section Name        Object

    0x08000000   0x08000000   0x000000ec   Data   RO         1192    RESET               startup_stm32f10x_md.o
    0x080000ec   0x080000ec   0x00000008   Code   RO         4208  * !!!main             c_w.l(__main.o)
    0x080000f4   0x080000f4   0x00000034   Code   RO         4556    !!!scatter          c_w.l(__scatter.o)
    0x08000128   0x08000128   0x0000005a   Code   RO         4554    !!dczerorl2         c_w.l(__dczerorl2.o)
    0x08000182   0x08000182   0x00000002   PAD
    0x08000184   0x08000184   0x0000001c   Code   RO         4558    !!handler_zi        c_w.l(__scatter_zi.o)
    0x080001a0   0x080001a0   0x00000000   Code   RO         4197    .ARM.Collect$$_printf_percent$$00000000  c_w.l(_printf_percent.o)
    0x080001a0   0x080001a0   0x00000006   Code   RO         4196    .ARM.Collect$$_printf_percent$$00000003  c_w.l(_printf_f.o)
    0x080001a6   0x080001a6   0x00000006   Code   RO         4194    .ARM.Collect$$_printf_percent$$00000009  c_w.l(_printf_d.o)
    0x080001ac   0x080001ac   0x00000006   Code   RO         4193    .ARM.Collect$$_printf_percent$$00000014  c_w.l(_printf_s.o)
    0x080001b2   0x080001b2   0x00000004   Code   RO         4285    .ARM.Collect$$_printf_percent$$00000017  c_w.l(_printf_percent_end.o)
    0x080001b6   0x080001b6   0x00000002   Code   RO         4425    .ARM.Collect$$libinit$$00000000  c_w.l(libinit.o)
    0x080001b8   0x080001b8   0x00000000   Code   RO         4427    .ARM.Collect$$libinit$$00000002  c_w.l(libinit2.o)
    0x080001b8   0x080001b8   0x00000000   Code   RO         4429    .ARM.Collect$$libinit$$00000004  c_w.l(libinit2.o)
    0x080001b8   0x080001b8   0x00000000   Code   RO         4432    .ARM.Collect$$libinit$$0000000A  c_w.l(libinit2.o)
    0x080001b8   0x080001b8   0x00000000   Code   RO         4434    .ARM.Collect$$libinit$$0000000C  c_w.l(libinit2.o)
    0x080001b8   0x080001b8   0x00000000   Code   RO         4436    .ARM.Collect$$libinit$$0000000E  c_w.l(libinit2.o)
    0x080001b8   0x080001b8   0x00000006   Code   RO         4437    .ARM.Collect$$libinit$$0000000F  c_w.l(libinit2.o)
    0x080001be   0x080001be   0x00000000   Code   RO         4439    .ARM.Collect$$libinit$$00000011  c_w.l(libinit2.o)
    0x080001be   0x080001be   0x00000000   Code   RO         4441    .ARM.Collect$$libinit$$00000013  c_w.l(libinit2.o)
    0x080001be   0x080001be   0x00000000   Code   RO         4443    .ARM.Collect$$libinit$$00000015  c_w.l(libinit2.o)
    0x080001be   0x080001be   0x0000000a   Code   RO         4444    .ARM.Collect$$libinit$$00000016  c_w.l(libinit2.o)
    0x080001c8   0x080001c8   0x00000000   Code   RO         4445    .ARM.Collect$$libinit$$00000017  c_w.l(libinit2.o)
    0x080001c8   0x080001c8   0x00000000   Code   RO         4447    .ARM.Collect$$libinit$$00000019  c_w.l(libinit2.o)
    0x080001c8   0x080001c8   0x00000000   Code   RO         4449    .ARM.Collect$$libinit$$0000001B  c_w.l(libinit2.o)
    0x080001c8   0x080001c8   0x00000000   Code   RO         4451    .ARM.Collect$$libinit$$0000001D  c_w.l(libinit2.o)
    0x080001c8   0x080001c8   0x00000000   Code   RO         4453    .ARM.Collect$$libinit$$0000001F  c_w.l(libinit2.o)
    0x080001c8   0x080001c8   0x00000000   Code   RO         4455    .ARM.Collect$$libinit$$00000021  c_w.l(libinit2.o)
    0x080001c8   0x080001c8   0x00000000   Code   RO         4457    .ARM.Collect$$libinit$$00000023  c_w.l(libinit2.o)
    0x080001c8   0x080001c8   0x00000000   Code   RO         4459    .ARM.Collect$$libinit$$00000025  c_w.l(libinit2.o)
    0x080001c8   0x080001c8   0x00000000   Code   RO         4463    .ARM.Collect$$libinit$$0000002C  c_w.l(libinit2.o)
    0x080001c8   0x080001c8   0x00000000   Code   RO         4465    .ARM.Collect$$libinit$$0000002E  c_w.l(libinit2.o)
    0x080001c8   0x080001c8   0x00000000   Code   RO         4467    .ARM.Collect$$libinit$$00000030  c_w.l(libinit2.o)
    0x080001c8   0x080001c8   0x00000000   Code   RO         4469    .ARM.Collect$$libinit$$00000032  c_w.l(libinit2.o)
    0x080001c8   0x080001c8   0x00000002   Code   RO         4470    .ARM.Collect$$libinit$$00000033  c_w.l(libinit2.o)
    0x080001ca   0x080001ca   0x00000002   Code   RO         4504    .ARM.Collect$$libshutdown$$00000000  c_w.l(libshutdown.o)
    0x080001cc   0x080001cc   0x00000000   Code   RO         4513    .ARM.Collect$$libshutdown$$00000002  c_w.l(libshutdown2.o)
    0x080001cc   0x080001cc   0x00000000   Code   RO         4515    .ARM.Collect$$libshutdown$$00000004  c_w.l(libshutdown2.o)
    0x080001cc   0x080001cc   0x00000000   Code   RO         4518    .ARM.Collect$$libshutdown$$00000007  c_w.l(libshutdown2.o)
    0x080001cc   0x080001cc   0x00000000   Code   RO         4521    .ARM.Collect$$libshutdown$$0000000A  c_w.l(libshutdown2.o)
    0x080001cc   0x080001cc   0x00000000   Code   RO         4523    .ARM.Collect$$libshutdown$$0000000C  c_w.l(libshutdown2.o)
    0x080001cc   0x080001cc   0x00000000   Code   RO         4526    .ARM.Collect$$libshutdown$$0000000F  c_w.l(libshutdown2.o)
    0x080001cc   0x080001cc   0x00000002   Code   RO         4527    .ARM.Collect$$libshutdown$$00000010  c_w.l(libshutdown2.o)
    0x080001ce   0x080001ce   0x00000000   Code   RO         4270    .ARM.Collect$$rtentry$$00000000  c_w.l(__rtentry.o)
    0x080001ce   0x080001ce   0x00000000   Code   RO         4339    .ARM.Collect$$rtentry$$00000002  c_w.l(__rtentry2.o)
    0x080001ce   0x080001ce   0x00000006   Code   RO         4351    .ARM.Collect$$rtentry$$00000004  c_w.l(__rtentry4.o)
    0x080001d4   0x080001d4   0x00000000   Code   RO         4341    .ARM.Collect$$rtentry$$00000009  c_w.l(__rtentry2.o)
    0x080001d4   0x080001d4   0x00000004   Code   RO         4342    .ARM.Collect$$rtentry$$0000000A  c_w.l(__rtentry2.o)
    0x080001d8   0x080001d8   0x00000000   Code   RO         4344    .ARM.Collect$$rtentry$$0000000C  c_w.l(__rtentry2.o)
    0x080001d8   0x080001d8   0x00000008   Code   RO         4345    .ARM.Collect$$rtentry$$0000000D  c_w.l(__rtentry2.o)
    0x080001e0   0x080001e0   0x00000002   Code   RO         4475    .ARM.Collect$$rtexit$$00000000  c_w.l(rtexit.o)
    0x080001e2   0x080001e2   0x00000000   Code   RO         4484    .ARM.Collect$$rtexit$$00000002  c_w.l(rtexit2.o)
    0x080001e2   0x080001e2   0x00000004   Code   RO         4485    .ARM.Collect$$rtexit$$00000003  c_w.l(rtexit2.o)
    0x080001e6   0x080001e6   0x00000006   Code   RO         4486    .ARM.Collect$$rtexit$$00000004  c_w.l(rtexit2.o)
    0x080001ec   0x080001ec   0x00000096   Code   RO         3960    .emb_text           port.o
    0x08000282   0x08000282   0x00000002   PAD
    0x08000284   0x08000284   0x00000040   Code   RO         1193    .text               startup_stm32f10x_md.o
    0x080002c4   0x080002c4   0x00000002   Code   RO         4156    .text               c_w.l(use_no_semi_2.o)
    0x080002c6   0x080002c6   0x00000002   PAD
    0x080002c8   0x080002c8   0x00000018   Code   RO         4162    .text               c_w.l(noretval__2printf.o)
    0x080002e0   0x080002e0   0x00000028   Code   RO         4164    .text               c_w.l(noretval__2sprintf.o)
    0x08000308   0x08000308   0x00000052   Code   RO         4168    .text               c_w.l(_printf_str.o)
    0x0800035a   0x0800035a   0x00000002   PAD
    0x0800035c   0x0800035c   0x00000078   Code   RO         4170    .text               c_w.l(_printf_dec.o)
    0x080003d4   0x080003d4   0x0000010e   Code   RO         4180    .text               c_w.l(__printf_wp.o)
    0x080004e2   0x080004e2   0x0000008a   Code   RO         4202    .text               c_w.l(rt_memcpy_v6.o)
    0x0800056c   0x0800056c   0x00000010   Code   RO         4204    .text               c_w.l(aeabi_memset.o)
    0x0800057c   0x0800057c   0x00000006   Code   RO         4206    .text               c_w.l(heapauxi.o)
    0x08000582   0x08000582   0x00000002   Code   RO         4268    .text               c_w.l(use_no_semi.o)
    0x08000584   0x08000584   0x00000016   Code   RO         4271    .text               c_w.l(_rserrno.o)
    0x0800059a   0x0800059a   0x000000b2   Code   RO         4273    .text               c_w.l(_printf_intcommon.o)
    0x0800064c   0x0800064c   0x0000041a   Code   RO         4275    .text               c_w.l(_printf_fp_dec.o)
    0x08000a66   0x08000a66   0x00000002   PAD
    0x08000a68   0x08000a68   0x00000030   Code   RO         4277    .text               c_w.l(_printf_char_common.o)
    0x08000a98   0x08000a98   0x0000000a   Code   RO         4279    .text               c_w.l(_sputc.o)
    0x08000aa2   0x08000aa2   0x0000002c   Code   RO         4281    .text               c_w.l(_printf_char.o)
    0x08000ace   0x08000ace   0x00000002   PAD
    0x08000ad0   0x08000ad0   0x00000024   Code   RO         4283    .text               c_w.l(_printf_char_file.o)
    0x08000af4   0x08000af4   0x00000064   Code   RO         4286    .text               c_w.l(rt_memcpy_w.o)
    0x08000b58   0x08000b58   0x00000044   Code   RO         4288    .text               c_w.l(rt_memclr.o)
    0x08000b9c   0x08000b9c   0x00000008   Code   RO         4356    .text               c_w.l(rt_locale_intlibspace.o)
    0x08000ba4   0x08000ba4   0x00000008   Code   RO         4361    .text               c_w.l(rt_errno_addr_intlibspace.o)
    0x08000bac   0x08000bac   0x0000008a   Code   RO         4363    .text               c_w.l(lludiv10.o)
    0x08000c36   0x08000c36   0x00000002   PAD
    0x08000c38   0x08000c38   0x00000080   Code   RO         4365    .text               c_w.l(_printf_fp_infnan.o)
    0x08000cb8   0x08000cb8   0x000000dc   Code   RO         4369    .text               c_w.l(bigflt0.o)
    0x08000d94   0x08000d94   0x00000008   Code   RO         4394    .text               c_w.l(ferror.o)
    0x08000d9c   0x08000d9c   0x0000004e   Code   RO         4401    .text               c_w.l(rt_memclr_w.o)
    0x08000dea   0x08000dea   0x00000002   PAD
    0x08000dec   0x08000dec   0x00000008   Code   RO         4411    .text               c_w.l(libspace.o)
    0x08000df4   0x08000df4   0x0000004a   Code   RO         4414    .text               c_w.l(sys_stackheap_outer.o)
    0x08000e3e   0x08000e3e   0x00000012   Code   RO         4416    .text               c_w.l(exit.o)
    0x08000e50   0x08000e50   0x00000080   Code   RO         4418    .text               c_w.l(strcmpv7m.o)
    0x08000ed0   0x08000ed0   0x0000003e   Code   RO         4372    CL$$btod_d2e        c_w.l(btod.o)
    0x08000f0e   0x08000f0e   0x00000046   Code   RO         4374    CL$$btod_d2e_denorm_low  c_w.l(btod.o)
    0x08000f54   0x08000f54   0x00000060   Code   RO         4373    CL$$btod_d2e_norm_op1  c_w.l(btod.o)
    0x08000fb4   0x08000fb4   0x00000338   Code   RO         4382    CL$$btod_div_common  c_w.l(btod.o)
    0x080012ec   0x080012ec   0x000000c6   Code   RO         4379    CL$$btod_e2e        c_w.l(btod.o)
    0x080013b2   0x080013b2   0x00000028   Code   RO         4376    CL$$btod_ediv       c_w.l(btod.o)
    0x080013da   0x080013da   0x00000028   Code   RO         4375    CL$$btod_emul       c_w.l(btod.o)
    0x08001402   0x08001402   0x00000244   Code   RO         4381    CL$$btod_mult_common  c_w.l(btod.o)
    0x08001646   0x08001646   0x00000016   Code   RO         2815    i.ADC_Cmd           stm32f10x_adc.o
    0x0800165c   0x0800165c   0x0000005c   Code   RO         2817    i.ADC_DeInit        stm32f10x_adc.o
    0x080016b8   0x080016b8   0x00000014   Code   RO         2823    i.ADC_GetCalibrationStatus  stm32f10x_adc.o
    0x080016cc   0x080016cc   0x00000008   Code   RO         2824    i.ADC_GetConversionValue  stm32f10x_adc.o
    0x080016d4   0x080016d4   0x00000012   Code   RO         2826    i.ADC_GetFlagStatus  stm32f10x_adc.o
    0x080016e6   0x080016e6   0x00000014   Code   RO         2829    i.ADC_GetResetCalibrationStatus  stm32f10x_adc.o
    0x080016fa   0x080016fa   0x00000002   PAD
    0x080016fc   0x080016fc   0x00000050   Code   RO         2833    i.ADC_Init          stm32f10x_adc.o
    0x0800174c   0x0800174c   0x000000b8   Code   RO         2837    i.ADC_RegularChannelConfig  stm32f10x_adc.o
    0x08001804   0x08001804   0x0000000a   Code   RO         2838    i.ADC_ResetCalibration  stm32f10x_adc.o
    0x0800180e   0x0800180e   0x00000016   Code   RO         2840    i.ADC_SoftwareStartConvCmd  stm32f10x_adc.o
    0x08001824   0x08001824   0x0000000a   Code   RO         2842    i.ADC_StartCalibration  stm32f10x_adc.o
    0x0800182e   0x0800182e   0x00000002   PAD
    0x08001830   0x08001830   0x00000080   Code   RO         4037    i.AntiBackflowTask  app_tasks.o
    0x080018b0   0x080018b0   0x000000a0   Code   RO          351    i.Beep_Init         beep.o
    0x08001950   0x08001950   0x00000026   Code   RO          352    i.Beep_config       beep.o
    0x08001976   0x08001976   0x0000000e   Code   RO          353    i.Beep_off          beep.o
    0x08001984   0x08001984   0x0000000e   Code   RO          354    i.Beep_on           beep.o
    0x08001992   0x08001992   0x00000004   Code   RO          197    i.BusFault_Handler  stm32f10x_it.o
    0x08001996   0x08001996   0x0000001a   Code   RO          355    i.Buzzer_Beep       beep.o
    0x080019b0   0x080019b0   0x00000028   Code   RO          914    i.Constrain         wind_speed.o
    0x080019d8   0x080019d8   0x00000026   Code   RO          302    i.DHT11_Read        dht11.o
    0x080019fe   0x080019fe   0x0000004a   Code   RO          303    i.DHT11_Start       dht11.o
    0x08001a48   0x08001a48   0x0000006e   Code   RO          304    i.DHT_Read_Byte     dht11.o
    0x08001ab6   0x08001ab6   0x00000002   PAD
    0x08001ab8   0x08001ab8   0x000000cc   Code   RO          305    i.DHT_Read_Data     dht11.o
    0x08001b84   0x08001b84   0x00000002   Code   RO          198    i.DebugMon_Handler  stm32f10x_it.o
    0x08001b86   0x08001b86   0x00000116   Code   RO         1539    i.GPIO_Init         stm32f10x_gpio.o
    0x08001c9c   0x08001c9c   0x00000012   Code   RO         1543    i.GPIO_ReadInputDataBit  stm32f10x_gpio.o
    0x08001cae   0x08001cae   0x00000004   Code   RO         1546    i.GPIO_ResetBits    stm32f10x_gpio.o
    0x08001cb2   0x08001cb2   0x00000004   Code   RO         1547    i.GPIO_SetBits      stm32f10x_gpio.o
    0x08001cb6   0x08001cb6   0x00000002   PAD
    0x08001cb8   0x08001cb8   0x00000108   Code   RO          444    i.GUI_DrawFont16    gui.o
    0x08001dc0   0x08001dc0   0x00000118   Code   RO          445    i.GUI_DrawFont24    gui.o
    0x08001ed8   0x08001ed8   0x00000108   Code   RO          446    i.GUI_DrawFont32    gui.o
    0x08001fe0   0x08001fe0   0x00000004   Code   RO          199    i.HardFault_Handler  stm32f10x_it.o
    0x08001fe4   0x08001fe4   0x000000ac   Code   RO            1    i.Hardware_Init     main.o
    0x08002090   0x08002090   0x0000000c   Code   RO          969    i.Key1_ClearEvent   key.o
    0x0800209c   0x0800209c   0x0000000c   Code   RO          970    i.Key1_GetEvent     key.o
    0x080020a8   0x080020a8   0x00000018   Code   RO          972    i.Key1_ReadPin      key.o
    0x080020c0   0x080020c0   0x0000000c   Code   RO          973    i.Key2_ClearEvent   key.o
    0x080020cc   0x080020cc   0x0000000c   Code   RO          974    i.Key2_GetEvent     key.o
    0x080020d8   0x080020d8   0x0000001c   Code   RO          976    i.Key2_ReadPin      key.o
    0x080020f4   0x080020f4   0x00000088   Code   RO         4038    i.KeyScanTask       app_tasks.o
    0x0800217c   0x0800217c   0x00000050   Code   RO          977    i.Key_Init          key.o
    0x080021cc   0x080021cc   0x00000018   Code   RO          978    i.Key_Scan          key.o
    0x080021e4   0x080021e4   0x00000090   Code   RO          979    i.Key_StateMachine  key.o
    0x08002274   0x08002274   0x00000060   Code   RO          585    i.LCD_Clear         lcd.o
    0x080022d4   0x080022d4   0x0000001c   Code   RO          586    i.LCD_DrawPoint     lcd.o
    0x080022f0   0x080022f0   0x0000002c   Code   RO          587    i.LCD_GPIOInit      lcd.o
    0x0800231c   0x0800231c   0x00000240   Code   RO          588    i.LCD_Init          lcd.o
    0x0800255c   0x0800255c   0x00000028   Code   RO          589    i.LCD_RESET         lcd.o
    0x08002584   0x08002584   0x00000014   Code   RO          590    i.LCD_SetCursor     lcd.o
    0x08002598   0x08002598   0x00000058   Code   RO          591    i.LCD_SetWindows    lcd.o
    0x080025f0   0x080025f0   0x00000124   Code   RO          454    i.LCD_ShowChar      gui.o
    0x08002714   0x08002714   0x00000030   Code   RO          592    i.LCD_WR_DATA       lcd.o
    0x08002744   0x08002744   0x0000002c   Code   RO          593    i.LCD_WR_REG        lcd.o
    0x08002770   0x08002770   0x00000010   Code   RO          594    i.LCD_WriteRAM_Prepare  lcd.o
    0x08002780   0x08002780   0x00000014   Code   RO          595    i.LCD_WriteReg      lcd.o
    0x08002794   0x08002794   0x0000007c   Code   RO          596    i.LCD_direction     lcd.o
    0x08002810   0x08002810   0x00000038   Code   RO          597    i.Lcd_WriteData_16Bit  lcd.o
    0x08002848   0x08002848   0x00000034   Code   RO          880    i.MQ2_GetAdcValue   mq2.o
    0x0800287c   0x0800287c   0x000000d0   Code   RO          881    i.MQ2_GetGasConcentration  mq2.o
    0x0800294c   0x0800294c   0x0000008c   Code   RO          882    i.MQ2_Init          mq2.o
    0x080029d8   0x080029d8   0x00000004   Code   RO          200    i.MemManage_Handler  stm32f10x_it.o
    0x080029dc   0x080029dc   0x00000200   Code   RO         4039    i.MotorControlTask  app_tasks.o
    0x08002bdc   0x08002bdc   0x00000002   Code   RO          201    i.NMI_Handler       stm32f10x_it.o
    0x08002bde   0x08002bde   0x00000002   PAD
    0x08002be0   0x08002be0   0x00000070   Code   RO         1197    i.NVIC_Init         misc.o
    0x08002c50   0x08002c50   0x00000014   Code   RO         1198    i.NVIC_PriorityGroupConfig  misc.o
    0x08002c64   0x08002c64   0x000000a6   Code   RO          850    i.PID_Calculate     pid.o
    0x08002d0a   0x08002d0a   0x0000003c   Code   RO          851    i.PID_Init          pid.o
    0x08002d46   0x08002d46   0x00000004   Code   RO          853    i.PID_SetTarget     pid.o
    0x08002d4a   0x08002d4a   0x00000002   PAD
    0x08002d4c   0x08002d4c   0x00000018   Code   RO         1647    i.RCC_ADCCLKConfig  stm32f10x_rcc.o
    0x08002d64   0x08002d64   0x00000020   Code   RO         1649    i.RCC_APB1PeriphClockCmd  stm32f10x_rcc.o
    0x08002d84   0x08002d84   0x00000020   Code   RO         1651    i.RCC_APB2PeriphClockCmd  stm32f10x_rcc.o
    0x08002da4   0x08002da4   0x00000020   Code   RO         1652    i.RCC_APB2PeriphResetCmd  stm32f10x_rcc.o
    0x08002dc4   0x08002dc4   0x000000d4   Code   RO         1659    i.RCC_GetClocksFreq  stm32f10x_rcc.o
    0x08002e98   0x08002e98   0x00000098   Code   RO          679    i.SPI1_Init         spi.o
    0x08002f30   0x08002f30   0x00000018   Code   RO         1942    i.SPI_Cmd           stm32f10x_spi.o
    0x08002f48   0x08002f48   0x0000003c   Code   RO         1955    i.SPI_Init          stm32f10x_spi.o
    0x08002f84   0x08002f84   0x00000022   Code   RO          681    i.SPI_WriteByte     spi.o
    0x08002fa6   0x08002fa6   0x00000002   PAD
    0x08002fa8   0x08002fa8   0x00000090   Code   RO         4040    i.SensorTask        app_tasks.o
    0x08003038   0x08003038   0x00000008   Code   RO          268    i.SetSysClock       system_stm32f10x.o
    0x08003040   0x08003040   0x000000e0   Code   RO          269    i.SetSysClockTo72   system_stm32f10x.o
    0x08003120   0x08003120   0x0000010c   Code   RO          458    i.Show_Str          gui.o
    0x0800322c   0x0800322c   0x00000030   Code   RO         4041    i.SpeedCalcTask     app_tasks.o
    0x0800325c   0x0800325c   0x00000128   Code   RO         4042    i.StartTask         app_tasks.o
    0x08003384   0x08003384   0x0000002c   Code   RO         4043    i.StartTask_Create  app_tasks.o
    0x080033b0   0x080033b0   0x00000028   Code   RO         1201    i.SysTick_CLKSourceConfig  misc.o
    0x080033d8   0x080033d8   0x00000010   Code   RO         1142    i.SysTick_Handler   delay.o
    0x080033e8   0x080033e8   0x00000060   Code   RO          271    i.SystemInit        system_stm32f10x.o
    0x08003448   0x08003448   0x00000050   Code   RO         4045    i.System_Init       app_tasks.o
    0x08003498   0x08003498   0x00000080   Code   RO         4046    i.System_SwitchMode  app_tasks.o
    0x08003518   0x08003518   0x0000004c   Code   RO         4047    i.System_SwitchSpeedLevel  app_tasks.o
    0x08003564   0x08003564   0x0000009c   Code   RO         4048    i.System_ToggleMotor  app_tasks.o
    0x08003600   0x08003600   0x00000080   Code   RO         2081    i.TI1_Config        stm32f10x_tim.o
    0x08003680   0x08003680   0x00000098   Code   RO         2082    i.TI2_Config        stm32f10x_tim.o
    0x08003718   0x08003718   0x00000090   Code   RO         2083    i.TI3_Config        stm32f10x_tim.o
    0x080037a8   0x080037a8   0x00000098   Code   RO         2084    i.TI4_Config        stm32f10x_tim.o
    0x08003840   0x08003840   0x000000d4   Code   RO          742    i.TIM1_dead_pwm_init  motor.o
    0x08003914   0x08003914   0x0000003c   Code   RO         4049    i.TIM2_IRQHandler   app_tasks.o
    0x08003950   0x08003950   0x000000d4   Code   RO          743    i.TIM2_encode_init  motor.o
    0x08003a24   0x08003a24   0x00000044   Code   RO         4050    i.TIM4_IRQHandler   app_tasks.o
    0x08003a68   0x08003a68   0x00000060   Code   RO          744    i.TIM4_init         motor.o
    0x08003ac8   0x08003ac8   0x00000020   Code   RO         2086    i.TIM_BDTRConfig    stm32f10x_tim.o
    0x08003ae8   0x08003ae8   0x00000012   Code   RO         2087    i.TIM_BDTRStructInit  stm32f10x_tim.o
    0x08003afa   0x08003afa   0x0000001e   Code   RO         2089    i.TIM_CCxCmd        stm32f10x_tim.o
    0x08003b18   0x08003b18   0x0000001e   Code   RO         2090    i.TIM_CCxNCmd       stm32f10x_tim.o
    0x08003b36   0x08003b36   0x00000006   Code   RO         2092    i.TIM_ClearITPendingBit  stm32f10x_tim.o
    0x08003b3c   0x08003b3c   0x00000018   Code   RO         2097    i.TIM_Cmd           stm32f10x_tim.o
    0x08003b54   0x08003b54   0x0000001e   Code   RO         2099    i.TIM_CtrlPWMOutputs  stm32f10x_tim.o
    0x08003b72   0x08003b72   0x00000042   Code   RO         2106    i.TIM_EncoderInterfaceConfig  stm32f10x_tim.o
    0x08003bb4   0x08003bb4   0x00000006   Code   RO         2116    i.TIM_GetCounter    stm32f10x_tim.o
    0x08003bba   0x08003bba   0x0000000a   Code   RO          745    i.TIM_GetDirection  motor.o
    0x08003bc4   0x08003bc4   0x00000022   Code   RO         2118    i.TIM_GetITStatus   stm32f10x_tim.o
    0x08003be6   0x08003be6   0x00000002   PAD
    0x08003be8   0x08003be8   0x000000ac   Code   RO         2120    i.TIM_ICInit        stm32f10x_tim.o
    0x08003c94   0x08003c94   0x00000012   Code   RO         2122    i.TIM_ITConfig      stm32f10x_tim.o
    0x08003ca6   0x08003ca6   0x00000002   PAD
    0x08003ca8   0x08003ca8   0x00000098   Code   RO         2126    i.TIM_OC1Init       stm32f10x_tim.o
    0x08003d40   0x08003d40   0x00000012   Code   RO         2129    i.TIM_OC1PreloadConfig  stm32f10x_tim.o
    0x08003d52   0x08003d52   0x00000004   Code   RO         2158    i.TIM_SetCompare1   stm32f10x_tim.o
    0x08003d56   0x08003d56   0x00000012   Code   RO         2163    i.TIM_SetIC1Prescaler  stm32f10x_tim.o
    0x08003d68   0x08003d68   0x0000001a   Code   RO         2164    i.TIM_SetIC2Prescaler  stm32f10x_tim.o
    0x08003d82   0x08003d82   0x00000012   Code   RO         2165    i.TIM_SetIC3Prescaler  stm32f10x_tim.o
    0x08003d94   0x08003d94   0x0000001a   Code   RO         2166    i.TIM_SetIC4Prescaler  stm32f10x_tim.o
    0x08003dae   0x08003dae   0x00000002   PAD
    0x08003db0   0x08003db0   0x000000a4   Code   RO         2168    i.TIM_TimeBaseInit  stm32f10x_tim.o
    0x08003e54   0x08003e54   0x000001b4   Code   RO         4051    i.UIDisplayTask     app_tasks.o
    0x08004008   0x08004008   0x00000088   Code   RO         1092    i.USART1_IRQHandler  usart.o
    0x08004090   0x08004090   0x00000018   Code   RO         2633    i.USART_Cmd         stm32f10x_usart.o
    0x080040a8   0x080040a8   0x00000012   Code   RO         2634    i.USART_DMACmd      stm32f10x_usart.o
    0x080040ba   0x080040ba   0x00000054   Code   RO         2637    i.USART_GetITStatus  stm32f10x_usart.o
    0x0800410e   0x0800410e   0x00000002   PAD
    0x08004110   0x08004110   0x000000d8   Code   RO         2640    i.USART_Init        stm32f10x_usart.o
    0x080041e8   0x080041e8   0x0000000a   Code   RO         2647    i.USART_ReceiveData  stm32f10x_usart.o
    0x080041f2   0x080041f2   0x00000004   Code   RO          202    i.UsageFault_Handler  stm32f10x_it.o
    0x080041f6   0x080041f6   0x00000002   PAD
    0x080041f8   0x080041f8   0x00000074   Code   RO         4052    i.WindSpeedTask     app_tasks.o
    0x0800426c   0x0800426c   0x0000000c   Code   RO          916    i.WindSpeed_GetPWM  wind_speed.o
    0x08004278   0x08004278   0x00000034   Code   RO          917    i.WindSpeed_GetPWMCompare  wind_speed.o
    0x080042ac   0x080042ac   0x00000016   Code   RO          918    i.WindSpeed_GetTargetRPM  wind_speed.o
    0x080042c2   0x080042c2   0x00000002   PAD
    0x080042c4   0x080042c4   0x00000018   Code   RO          919    i.WindSpeed_Init    wind_speed.o
    0x080042dc   0x080042dc   0x0000000c   Code   RO          920    i.WindSpeed_IsCookingEvent  wind_speed.o
    0x080042e8   0x080042e8   0x00000110   Code   RO          921    i.WindSpeed_Update  wind_speed.o
    0x080043f8   0x080043f8   0x00000028   Code   RO         4325    i.__ARM_fpclassify  m_ws.l(fpclassify.o)
    0x08004420   0x08004420   0x000000aa   Code   RO         4327    i.__kernel_poly     m_ws.l(poly.o)
    0x080044ca   0x080044ca   0x00000002   PAD
    0x080044cc   0x080044cc   0x00000010   Code   RO         4311    i.__mathlib_dbl_divzero  m_ws.l(dunder.o)
    0x080044dc   0x080044dc   0x00000004   Code   RO         4313    i.__mathlib_dbl_infnan2  m_ws.l(dunder.o)
    0x080044e0   0x080044e0   0x0000000c   Code   RO         4314    i.__mathlib_dbl_invalid  m_ws.l(dunder.o)
    0x080044ec   0x080044ec   0x0000000e   Code   RO         4315    i.__mathlib_dbl_overflow  m_ws.l(dunder.o)
    0x080044fa   0x080044fa   0x00000002   PAD
    0x080044fc   0x080044fc   0x00000010   Code   RO         4317    i.__mathlib_dbl_underflow  m_ws.l(dunder.o)
    0x0800450c   0x0800450c   0x0000000e   Code   RO         4182    i._is_digit         c_w.l(__printf_wp.o)
    0x0800451a   0x0800451a   0x00000004   Code   RO         1093    i._sys_exit         usart.o
    0x0800451e   0x0800451e   0x00000002   PAD
    0x08004520   0x08004520   0x000000a0   Code   RO          306    i.chushi            dht11.o
    0x080045c0   0x080045c0   0x0000005c   Code   RO         1143    i.delay_init        delay.o
    0x0800461c   0x0800461c   0x00000040   Code   RO         1144    i.delay_ms          delay.o
    0x0800465c   0x0800465c   0x00000048   Code   RO         1145    i.delay_us          delay.o
    0x080046a4   0x080046a4   0x0000001c   Code   RO         1094    i.fputc             usart.o
    0x080046c0   0x080046c0   0x0000001c   Code   RO          746    i.get_encoder_value  motor.o
    0x080046dc   0x080046dc   0x00000178   Code   RO          747    i.get_speed         motor.o
    0x08004854   0x08004854   0x00000010   Code   RO          826    i.io_reset_bit      gpiox.o
    0x08004864   0x08004864   0x000000ac   Code   RO          827    i.io_set            gpiox.o
    0x08004910   0x08004910   0x00000010   Code   RO          828    i.io_set_bit        gpiox.o
    0x08004920   0x08004920   0x00000014   Code   RO            2    i.main              main.o
    0x08004934   0x08004934   0x0000003c   Code   RO          748    i.motor_dir         motor.o
    0x08004970   0x08004970   0x00000012   Code   RO          749    i.motor_init        motor.o
    0x08004982   0x08004982   0x0000002e   Code   RO          750    i.motor_pwm_set     motor.o
    0x080049b0   0x080049b0   0x00000018   Code   RO          751    i.motor_speed       motor.o
    0x080049c8   0x080049c8   0x00000010   Code   RO          752    i.motor_start       motor.o
    0x080049d8   0x080049d8   0x00000028   Code   RO          753    i.motor_stop        motor.o
    0x08004a00   0x08004a00   0x000009d8   Code   RO         4259    i.pow               m_ws.l(pow.o)
    0x080053d8   0x080053d8   0x00000098   Code   RO         3421    i.prvAddCurrentTaskToDelayedList  tasks.o
    0x08005470   0x08005470   0x000000b8   Code   RO         3422    i.prvAddNewTaskToReadyList  tasks.o
    0x08005528   0x08005528   0x00000064   Code   RO         3781    i.prvCheckForValidListAndQueue  timers.o
    0x0800558c   0x0800558c   0x00000064   Code   RO         3423    i.prvCheckTasksWaitingTermination  tasks.o
    0x080055f0   0x080055f0   0x0000002a   Code   RO         3188    i.prvCopyDataFromQueue  queue.o
    0x0800561a   0x0800561a   0x0000007c   Code   RO         3189    i.prvCopyDataToQueue  queue.o
    0x08005696   0x08005696   0x00000012   Code   RO         3424    i.prvDeleteTCB      tasks.o
    0x080056a8   0x080056a8   0x00000028   Code   RO         3782    i.prvGetNextExpireTime  timers.o
    0x080056d0   0x080056d0   0x0000007c   Code   RO         3911    i.prvHeapInit       heap_4.o
    0x0800574c   0x0800574c   0x00000028   Code   RO         3425    i.prvIdleTask       tasks.o
    0x08005774   0x08005774   0x0000001c   Code   RO         3190    i.prvInitialiseMutex  queue.o
    0x08005790   0x08005790   0x0000002e   Code   RO         3191    i.prvInitialiseNewQueue  queue.o
    0x080057be   0x080057be   0x00000002   PAD
    0x080057c0   0x080057c0   0x000000d0   Code   RO         3426    i.prvInitialiseNewTask  tasks.o
    0x08005890   0x08005890   0x00000068   Code   RO         3427    i.prvInitialiseTaskLists  tasks.o
    0x080058f8   0x080058f8   0x00000068   Code   RO         3912    i.prvInsertBlockIntoFreeList  heap_4.o
    0x08005960   0x08005960   0x00000058   Code   RO         3784    i.prvInsertTimerInActiveList  timers.o
    0x080059b8   0x080059b8   0x0000001a   Code   RO         3192    i.prvIsQueueEmpty   queue.o
    0x080059d2   0x080059d2   0x0000001e   Code   RO         3193    i.prvIsQueueFull    queue.o
    0x080059f0   0x080059f0   0x000000a0   Code   RO         3194    i.prvNotifyQueueSetContainer  queue.o
    0x08005a90   0x08005a90   0x00000080   Code   RO         3785    i.prvProcessExpiredTimer  timers.o
    0x08005b10   0x08005b10   0x0000012c   Code   RO         3786    i.prvProcessReceivedCommands  timers.o
    0x08005c3c   0x08005c3c   0x00000074   Code   RO         3787    i.prvProcessTimerOrBlockTask  timers.o
    0x08005cb0   0x08005cb0   0x00000034   Code   RO         3429    i.prvResetNextTaskUnblockTime  tasks.o
    0x08005ce4   0x08005ce4   0x0000002c   Code   RO         3788    i.prvSampleTimeNow  timers.o
    0x08005d10   0x08005d10   0x000000bc   Code   RO         3789    i.prvSwitchTimerLists  timers.o
    0x08005dcc   0x08005dcc   0x00000070   Code   RO         3961    i.prvTaskExitError  port.o
    0x08005e3c   0x08005e3c   0x0000001a   Code   RO         3790    i.prvTimerTask      timers.o
    0x08005e56   0x08005e56   0x00000092   Code   RO         3195    i.prvUnlockQueue    queue.o
    0x08005ee8   0x08005ee8   0x00000154   Code   RO         3913    i.pvPortMalloc      heap_4.o
    0x0800603c   0x0800603c   0x00000020   Code   RO         3433    i.pvTaskIncrementMutexHeldCount  tasks.o
    0x0800605c   0x0800605c   0x00000024   Code   RO         3962    i.pxPortInitialiseStack  port.o
    0x08006080   0x08006080   0x0000000e   Code   RO          307    i.readpin           dht11.o
    0x0800608e   0x0800608e   0x0000004c   Code   RO         4331    i.sqrt              m_ws.l(sqrt.o)
    0x080060da   0x080060da   0x00000002   PAD
    0x080060dc   0x080060dc   0x000000a0   Code   RO         1095    i.uart_init         usart.o
    0x0800617c   0x0800617c   0x00000028   Code   RO         3151    i.uxListRemove      list.o
    0x080061a4   0x080061a4   0x0000001a   Code   RO         3152    i.vListInitialise   list.o
    0x080061be   0x080061be   0x00000006   Code   RO         3153    i.vListInitialiseItem  list.o
    0x080061c4   0x080061c4   0x00000034   Code   RO         3154    i.vListInsert       list.o
    0x080061f8   0x080061f8   0x00000018   Code   RO         3155    i.vListInsertEnd    list.o
    0x08006210   0x08006210   0x00000088   Code   RO         3964    i.vPortEnterCritical  port.o
    0x08006298   0x08006298   0x00000070   Code   RO         3965    i.vPortExitCritical  port.o
    0x08006308   0x08006308   0x000000b8   Code   RO         3914    i.vPortFree         heap_4.o
    0x080063c0   0x080063c0   0x00000020   Code   RO         3966    i.vPortSetupTimerInterrupt  port.o
    0x080063e0   0x080063e0   0x000000a0   Code   RO         3967    i.vPortValidateInterruptPriority  port.o
    0x08006480   0x08006480   0x0000002c   Code   RO         3201    i.vQueueAddToRegistry  queue.o
    0x080064ac   0x080064ac   0x0000004a   Code   RO         3205    i.vQueueWaitForMessageRestricted  queue.o
    0x080064f6   0x080064f6   0x00000002   PAD
    0x080064f8   0x080064f8   0x00000074   Code   RO         3441    i.vTaskDelay        tasks.o
    0x0800656c   0x0800656c   0x0000010c   Code   RO         3443    i.vTaskDelete       tasks.o
    0x08006678   0x08006678   0x0000000c   Code   RO         3447    i.vTaskMissedYield  tasks.o
    0x08006684   0x08006684   0x00000054   Code   RO         3449    i.vTaskPlaceOnEventList  tasks.o
    0x080066d8   0x080066d8   0x0000005c   Code   RO         3450    i.vTaskPlaceOnEventListRestricted  tasks.o
    0x08006734   0x08006734   0x000000b0   Code   RO         3452    i.vTaskPriorityInherit  tasks.o
    0x080067e4   0x080067e4   0x0000004c   Code   RO         3456    i.vTaskSetTimeOutState  tasks.o
    0x08006830   0x08006830   0x000000ac   Code   RO         3457    i.vTaskStartScheduler  tasks.o
    0x080068dc   0x080068dc   0x00000010   Code   RO         3459    i.vTaskSuspendAll   tasks.o
    0x080068ec   0x080068ec   0x000000a8   Code   RO         3460    i.vTaskSwitchContext  tasks.o
    0x08006994   0x08006994   0x000000a0   Code   RO         3968    i.xPortStartScheduler  port.o
    0x08006a34   0x08006a34   0x00000034   Code   RO         3969    i.xPortSysTickHandler  port.o
    0x08006a68   0x08006a68   0x00000022   Code   RO         3208    i.xQueueCreateMutex  queue.o
    0x08006a8a   0x08006a8a   0x00000002   PAD
    0x08006a8c   0x08006a8c   0x00000074   Code   RO         3210    i.xQueueGenericCreate  queue.o
    0x08006b00   0x08006b00   0x000001c8   Code   RO         3211    i.xQueueGenericReceive  queue.o
    0x08006cc8   0x08006cc8   0x000000b0   Code   RO         3212    i.xQueueGenericReset  queue.o
    0x08006d78   0x08006d78   0x000001c4   Code   RO         3213    i.xQueueGenericSend  queue.o
    0x08006f3c   0x08006f3c   0x00000110   Code   RO         3214    i.xQueueGenericSendFromISR  queue.o
    0x0800704c   0x0800704c   0x000000fc   Code   RO         3215    i.xQueueGiveFromISR  queue.o
    0x08007148   0x08007148   0x000000a0   Code   RO         3461    i.xTaskCheckForTimeOut  tasks.o
    0x080071e8   0x080071e8   0x00000060   Code   RO         3462    i.xTaskCreate       tasks.o
    0x08007248   0x08007248   0x00000020   Code   RO         3466    i.xTaskGetSchedulerState  tasks.o
    0x08007268   0x08007268   0x0000000c   Code   RO         3467    i.xTaskGetTickCount  tasks.o
    0x08007274   0x08007274   0x00000160   Code   RO         3469    i.xTaskIncrementTick  tasks.o
    0x080073d4   0x080073d4   0x000000d8   Code   RO         3472    i.xTaskPriorityDisinherit  tasks.o
    0x080074ac   0x080074ac   0x000000b4   Code   RO         3473    i.xTaskRemoveFromEventList  tasks.o
    0x08007560   0x08007560   0x00000120   Code   RO         3475    i.xTaskResumeAll    tasks.o
    0x08007680   0x08007680   0x00000074   Code   RO         3794    i.xTimerCreateTimerTask  timers.o
    0x080076f4   0x080076f4   0x000000a4   Code   RO         3795    i.xTimerGenericCommand  timers.o
    0x08007798   0x08007798   0x0000002c   Code   RO         4399    locale$$code        c_w.l(lc_numeric_c.o)
    0x080077c4   0x080077c4   0x00000062   Code   RO         4210    x$fpl$d2f           fz_ws.l(d2f.o)
    0x08007826   0x08007826   0x00000002   PAD
    0x08007828   0x08007828   0x00000150   Code   RO         4290    x$fpl$dadd          fz_ws.l(daddsub_clz.o)
    0x08007978   0x08007978   0x00000010   Code   RO         4403    x$fpl$dcheck1       fz_ws.l(dcheck1.o)
    0x08007988   0x08007988   0x00000018   Code   RO         4471    x$fpl$dcmpinf       fz_ws.l(dcmpi.o)
    0x080079a0   0x080079a0   0x000002b0   Code   RO         4213    x$fpl$ddiv          fz_ws.l(ddiv.o)
    0x08007c50   0x08007c50   0x0000002e   Code   RO         4217    x$fpl$dflt          fz_ws.l(dflt_clz.o)
    0x08007c7e   0x08007c7e   0x00000002   PAD
    0x08007c80   0x08007c80   0x00000078   Code   RO         4405    x$fpl$dleqf         fz_ws.l(dleqf.o)
    0x08007cf8   0x08007cf8   0x00000154   Code   RO         4222    x$fpl$dmul          fz_ws.l(dmul.o)
    0x08007e4c   0x08007e4c   0x0000009c   Code   RO         4296    x$fpl$dnaninf       fz_ws.l(dnaninf.o)
    0x08007ee8   0x08007ee8   0x0000000c   Code   RO         4298    x$fpl$dretinf       fz_ws.l(dretinf.o)
    0x08007ef4   0x08007ef4   0x0000006c   Code   RO         4300    x$fpl$drleqf        fz_ws.l(drleqf.o)
    0x08007f60   0x08007f60   0x00000016   Code   RO         4291    x$fpl$drsb          fz_ws.l(daddsub_clz.o)
    0x08007f76   0x08007f76   0x00000002   PAD
    0x08007f78   0x08007f78   0x000001cc   Code   RO         4407    x$fpl$dsqrt         fz_ws.l(dsqrt_noumaal.o)
    0x08008144   0x08008144   0x000001d4   Code   RO         4292    x$fpl$dsub          fz_ws.l(daddsub_clz.o)
    0x08008318   0x08008318   0x00000056   Code   RO         4224    x$fpl$f2d           fz_ws.l(f2d.o)
    0x0800836e   0x0800836e   0x00000002   PAD
    0x08008370   0x08008370   0x000000c4   Code   RO         4226    x$fpl$fadd          fz_ws.l(faddsub_clz.o)
    0x08008434   0x08008434   0x00000018   Code   RO         4302    x$fpl$fcmpinf       fz_ws.l(fcmpi.o)
    0x0800844c   0x0800844c   0x00000184   Code   RO         4233    x$fpl$fdiv          fz_ws.l(fdiv.o)
    0x080085d0   0x080085d0   0x00000036   Code   RO         4236    x$fpl$ffix          fz_ws.l(ffix.o)
    0x08008606   0x08008606   0x00000002   PAD
    0x08008608   0x08008608   0x0000003e   Code   RO         4240    x$fpl$ffixu         fz_ws.l(ffixu.o)
    0x08008646   0x08008646   0x00000002   PAD
    0x08008648   0x08008648   0x00000030   Code   RO         4245    x$fpl$fflt          fz_ws.l(fflt_clz.o)
    0x08008678   0x08008678   0x00000026   Code   RO         4244    x$fpl$ffltu         fz_ws.l(fflt_clz.o)
    0x0800869e   0x0800869e   0x00000002   PAD
    0x080086a0   0x080086a0   0x00000068   Code   RO         4250    x$fpl$fleqf         fz_ws.l(fleqf.o)
    0x08008708   0x08008708   0x00000102   Code   RO         4252    x$fpl$fmul          fz_ws.l(fmul.o)
    0x0800880a   0x0800880a   0x0000008c   Code   RO         4304    x$fpl$fnaninf       fz_ws.l(fnaninf.o)
    0x08008896   0x08008896   0x0000000a   Code   RO         4306    x$fpl$fretinf       fz_ws.l(fretinf.o)
    0x080088a0   0x080088a0   0x00000062   Code   RO         4254    x$fpl$frleqf        fz_ws.l(frleqf.o)
    0x08008902   0x08008902   0x00000002   PAD
    0x08008904   0x08008904   0x000000ea   Code   RO         4228    x$fpl$fsub          fz_ws.l(faddsub_clz.o)
    0x080089ee   0x080089ee   0x00000004   Code   RO         4256    x$fpl$printf1       fz_ws.l(printf1.o)
    0x080089f2   0x080089f2   0x00000064   Code   RO         4473    x$fpl$retnan        fz_ws.l(retnan.o)
    0x08008a56   0x08008a56   0x0000005c   Code   RO         4308    x$fpl$scalbn        fz_ws.l(scalbn.o)
    0x08008ab2   0x08008ab2   0x00000030   Code   RO         4481    x$fpl$trapveneer    fz_ws.l(trapv.o)
    0x08008ae2   0x08008ae2   0x00000000   Code   RO         4310    x$fpl$usenofp       fz_ws.l(usenofp.o)
    0x08008ae2   0x08008ae2   0x000016ae   Data   RO          463    .constdata          gui.o
    0x0800a190   0x0800a190   0x00000088   Data   RO         4260    .constdata          m_ws.l(pow.o)
    0x0800a218   0x0800a218   0x00000008   Data   RO         4329    .constdata          m_ws.l(qnan.o)
    0x0800a220   0x0800a220   0x00000094   Data   RO         4370    .constdata          c_w.l(bigflt0.o)
    0x0800a2b4   0x0800a2b4   0x00000054   Data   RO         4054    .conststring        app_tasks.o
    0x0800a308   0x0800a308   0x00000020   Data   RO         4552    Region$$Table       anon$$obj.o
    0x0800a328   0x0800a328   0x0000001c   Data   RO         4398    locale$$data        c_w.l(lc_numeric_c.o)


    Execution Region RW_IRAM1 (Exec base: 0x20000000, Load base: 0x0800a344, Size: 0x00003470, Max: 0x00005000, ABSOLUTE, COMPRESSED[0x00000040])

    Exec Addr    Load Addr    Size         Type   Attr      Idx    E Section Name        Object

    0x20000000   COMPRESSED   0x00000018   Data   RW            4    .data               main.o
    0x20000018   COMPRESSED   0x00000014   Data   RW          272    .data               system_stm32f10x.o
    0x2000002c   COMPRESSED   0x0000000c   Data   RW          308    .data               dht11.o
    0x20000038   COMPRESSED   0x00000006   Data   RW          599    .data               lcd.o
    0x2000003e   COMPRESSED   0x00000002   PAD
    0x20000040   COMPRESSED   0x00000010   Data   RW          755    .data               motor.o
    0x20000050   COMPRESSED   0x00000006   Data   RW         1097    .data               usart.o
    0x20000056   COMPRESSED   0x00000004   Data   RW         1147    .data               delay.o
    0x2000005a   COMPRESSED   0x00000014   Data   RW         1679    .data               stm32f10x_rcc.o
    0x2000006e   COMPRESSED   0x00000002   PAD
    0x20000070   COMPRESSED   0x0000003c   Data   RW         3478    .data               tasks.o
    0x200000ac   COMPRESSED   0x00000014   Data   RW         3803    .data               timers.o
    0x200000c0   COMPRESSED   0x00000018   Data   RW         3919    .data               heap_4.o
    0x200000d8   COMPRESSED   0x0000000c   Data   RW         3970    .data               port.o
    0x200000e4   COMPRESSED   0x00000054   Data   RW         4055    .data               app_tasks.o
    0x20000138        -       0x00000030   Zero   RW            3    .bss                main.o
    0x20000168        -       0x0000000e   Zero   RW          598    .bss                lcd.o
    0x20000176   COMPRESSED   0x00000002   PAD
    0x20000178        -       0x00000028   Zero   RW          754    .bss                motor.o
    0x200001a0        -       0x00000018   Zero   RW          922    .bss                wind_speed.o
    0x200001b8        -       0x00000020   Zero   RW          980    .bss                key.o
    0x200001d8        -       0x000000c8   Zero   RW         1096    .bss                usart.o
    0x200002a0        -       0x00000040   Zero   RW         3225    .bss                queue.o
    0x200002e0        -       0x000002e4   Zero   RW         3477    .bss                tasks.o
    0x200005c4        -       0x00000028   Zero   RW         3802    .bss                timers.o
    0x200005ec        -       0x00002800   Zero   RW         3918    .bss                heap_4.o
    0x20002dec        -       0x00000024   Zero   RW         4053    .bss                app_tasks.o
    0x20002e10        -       0x00000060   Zero   RW         4412    .bss                c_w.l(libspace.o)
    0x20002e70        -       0x00000200   Zero   RW         1191    HEAP                startup_stm32f10x_md.o
    0x20003070        -       0x00000400   Zero   RW         1190    STACK               startup_stm32f10x_md.o


==============================================================================

Image component sizes


      Code (inc. data)   RO Data    RW Data    ZI Data      Debug   Object Name

      2428        424         84         84         36      14070   app_tasks.o
       252         30          0          0          0       3061   beep.o
       244         26          0          4          0       2333   delay.o
       600         40          0         12          0       4372   dht11.o
         0          0          0          0          0      10344   event_groups.o
       204         30          0          0          0       1781   gpiox.o
      1368         56       5806          0          0       7591   gui.o
       752        176          0         24      10240       3851   heap_4.o
       348         58          0          0         32       4702   key.o
      1200         68          0          6         14       8733   lcd.o
       148          0          0          0          0       3046   list.o
       192         40          0         24         48     281427   main.o
       172         22          0          0          0       2061   misc.o
      1138        100          0         16         40       8014   motor.o
       400         40          0          0          0       1783   mq2.o
       230          0          0          0          0       2175   pid.o
       950        320          0         12          0      10165   port.o
      2478        274          0          0         64      17613   queue.o
       186          8          0          0          0       1420   spi.o
        64         26        236          0       1536        808   startup_stm32f10x_md.o
       486         24          0          0          0       8614   stm32f10x_adc.o
       304          0          0          0          0       3664   stm32f10x_gpio.o
        20          0          0          0          0       2485   stm32f10x_it.o
       332         44          0         20          0       5566   stm32f10x_rcc.o
        84          0          0          0          0       2129   stm32f10x_spi.o
      1468        170          0          0          0      15634   stm32f10x_tim.o
       352          6          0          0          0       4756   stm32f10x_usart.o
         0          0          0          0          0         32   sys.o
       328         28          0         20          0       2097   system_stm32f10x.o
      3406        878          0         60        740      28587   tasks.o
      1310        312          0         20         40       8455   timers.o
       328         28          0          6        200       4152   usart.o
       434         54          0          0         24       4041   wind_speed.o

    ----------------------------------------------------------------------
     22242       3282       6158        312      13016     479562   Object Totals
         0          0         32          0          0          0   (incl. Generated)
        36          0          0          4          2          0   (incl. Padding)

    ----------------------------------------------------------------------

      Code (inc. data)   RO Data    RW Data    ZI Data      Debug   Library Member Name

        90          0          0          0          0          0   __dczerorl2.o
         8          0          0          0          0         68   __main.o
       284          0          0          0          0        156   __printf_wp.o
         0          0          0          0          0          0   __rtentry.o
        12          0          0          0          0          0   __rtentry2.o
         6          0          0          0          0          0   __rtentry4.o
        52          8          0          0          0          0   __scatter.o
        28          0          0          0          0          0   __scatter_zi.o
        44          0          0          0          0        108   _printf_char.o
        48          6          0          0          0         96   _printf_char_common.o
        36          4          0          0          0         80   _printf_char_file.o
         6          0          0          0          0          0   _printf_d.o
       120         16          0          0          0         92   _printf_dec.o
         6          0          0          0          0          0   _printf_f.o
      1050          0          0          0          0        216   _printf_fp_dec.o
       128         16          0          0          0         84   _printf_fp_infnan.o
       178          0          0          0          0         88   _printf_intcommon.o
         0          0          0          0          0          0   _printf_percent.o
         4          0          0          0          0          0   _printf_percent_end.o
         6          0          0          0          0          0   _printf_s.o
        82          0          0          0          0         80   _printf_str.o
        22          0          0          0          0        100   _rserrno.o
        10          0          0          0          0         68   _sputc.o
        16          0          0          0          0         68   aeabi_memset.o
       220          4        148          0          0         96   bigflt0.o
      1910        128          0          0          0        672   btod.o
        18          0          0          0          0         80   exit.o
         8          0          0          0          0         68   ferror.o
         6          0          0          0          0        152   heapauxi.o
        44         10         28          0          0         76   lc_numeric_c.o
         2          0          0          0          0          0   libinit.o
        18          0          0          0          0          0   libinit2.o
         2          0          0          0          0          0   libshutdown.o
         2          0          0          0          0          0   libshutdown2.o
         8          4          0          0         96         68   libspace.o
       138          0          0          0          0         80   lludiv10.o
        24          4          0          0          0         84   noretval__2printf.o
        40          6          0          0          0         84   noretval__2sprintf.o
         8          4          0          0          0         68   rt_errno_addr_intlibspace.o
         8          4          0          0          0         68   rt_locale_intlibspace.o
        68          0          0          0          0         68   rt_memclr.o
        78          0          0          0          0         80   rt_memclr_w.o
       138          0          0          0          0         68   rt_memcpy_v6.o
       100          0          0          0          0         80   rt_memcpy_w.o
         2          0          0          0          0          0   rtexit.o
        10          0          0          0          0          0   rtexit2.o
       128          0          0          0          0         68   strcmpv7m.o
        74          0          0          0          0         80   sys_stackheap_outer.o
         2          0          0          0          0         68   use_no_semi.o
         2          0          0          0          0         68   use_no_semi_2.o
        98          4          0          0          0         92   d2f.o
       826         16          0          0          0        348   daddsub_clz.o
        16          4          0          0          0         68   dcheck1.o
        24          0          0          0          0         68   dcmpi.o
       688        140          0          0          0        208   ddiv.o
        46          0          0          0          0         68   dflt_clz.o
       120          4          0          0          0         92   dleqf.o
       340         12          0          0          0        104   dmul.o
       156          4          0          0          0         92   dnaninf.o
        12          0          0          0          0         68   dretinf.o
       108          0          0          0          0         80   drleqf.o
       460         56          0          0          0        120   dsqrt_noumaal.o
        86          4          0          0          0         84   f2d.o
       430          8          0          0          0        168   faddsub_clz.o
        24          0          0          0          0         68   fcmpi.o
       388         76          0          0          0         96   fdiv.o
        54          4          0          0          0         84   ffix.o
        62          4          0          0          0         84   ffixu.o
        86          0          0          0          0        136   fflt_clz.o
       104          4          0          0          0         84   fleqf.o
       258          4          0          0          0         84   fmul.o
       140          4          0          0          0         84   fnaninf.o
        10          0          0          0          0         68   fretinf.o
        98          0          0          0          0         68   frleqf.o
         4          0          0          0          0         68   printf1.o
       100          0          0          0          0         68   retnan.o
        92          0          0          0          0         68   scalbn.o
        48          0          0          0          0         68   trapv.o
         0          0          0          0          0          0   usenofp.o
        62         10          0          0          0        340   dunder.o
        40          0          0          0          0         68   fpclassify.o
       170          0          0          0          0         96   poly.o
      2520        190        136          0          0        324   pow.o
         0          0          8          0          0          0   qnan.o
        76          0          0          0          0         84   sqrt.o

    ----------------------------------------------------------------------
     13076        762        320          0         96       7180   Library Totals
        36          0          0          0          0          0   (incl. Padding)

    ----------------------------------------------------------------------

      Code (inc. data)   RO Data    RW Data    ZI Data      Debug   Library Name

      5294        214        176          0         96       3480   c_w.l
      4878        348          0          0          0       2788   fz_ws.l
      2868        200        144          0          0        912   m_ws.l

    ----------------------------------------------------------------------
     13076        762        320          0         96       7180   Library Totals

    ----------------------------------------------------------------------

==============================================================================


      Code (inc. data)   RO Data    RW Data    ZI Data      Debug   

     35318       4044       6478        312      13112     470982   Grand Totals
     35318       4044       6478         64      13112     470982   ELF Image Totals (compressed)
     35318       4044       6478         64          0          0   ROM Totals

==============================================================================

    Total RO  Size (Code + RO Data)                41796 (  40.82kB)
    Total RW  Size (RW Data + ZI Data)             13424 (  13.11kB)
    Total ROM Size (Code + RO Data + RW Data)      41860 (  40.88kB)

==============================================================================

